Archive member included because of file (symbol)

c:/program files (x86)/atmel/avr tools/avr toolchain/bin/../lib/gcc/avr/4.6.2/avr6\libgcc.a(_divmodhi4.o)
                              app.o (__divmodhi4)
c:/program files (x86)/atmel/avr tools/avr toolchain/bin/../lib/gcc/avr/4.6.2/avr6\libgcc.a(_exit.o)
                              c:/program files (x86)/atmel/avr tools/avr toolchain/bin/../lib/gcc/avr/4.6.2/../../../../avr/lib/avr6/crtm2560.o (exit)
c:/program files (x86)/atmel/avr tools/avr toolchain/bin/../lib/gcc/avr/4.6.2/avr6\libgcc.a(_copy_data.o)
                              app.o (__do_copy_data)
c:/program files (x86)/atmel/avr tools/avr toolchain/bin/../lib/gcc/avr/4.6.2/avr6\libgcc.a(_clear_bss.o)
                              app.o (__do_clear_bss)
c:/program files (x86)/atmel/avr tools/avr toolchain/bin/../lib/gcc/avr/4.6.2/avr6\libgcc.a(_udivmodhi4.o)
                              c:/program files (x86)/atmel/avr tools/avr toolchain/bin/../lib/gcc/avr/4.6.2/avr6\libgcc.a(_divmodhi4.o) (__udivmodhi4)
c:/program files (x86)/atmel/avr tools/avr toolchain/bin/../lib/gcc/avr/4.6.2/../../../../avr/lib/avr6\libc.a(malloc.o)
                              list.o (malloc)
c:/program files (x86)/atmel/avr tools/avr toolchain/bin/../lib/gcc/avr/4.6.2/../../../../avr/lib/avr6\libc.a(atoi.o)
                              app.o (atoi)
c:/program files (x86)/atmel/avr tools/avr toolchain/bin/../lib/gcc/avr/4.6.2/../../../../avr/lib/avr6\libc.a(strtok.o)
                              main.o (strtok)
c:/program files (x86)/atmel/avr tools/avr toolchain/bin/../lib/gcc/avr/4.6.2/../../../../avr/lib/avr6\libc.a(strcmp.o)
                              main.o (strcmp)
c:/program files (x86)/atmel/avr tools/avr toolchain/bin/../lib/gcc/avr/4.6.2/../../../../avr/lib/avr6\libc.a(strtok_r.o)
                              c:/program files (x86)/atmel/avr tools/avr toolchain/bin/../lib/gcc/avr/4.6.2/../../../../avr/lib/avr6\libc.a(strtok.o) (strtok_r)
c:/program files (x86)/atmel/avr tools/avr toolchain/bin/../lib/gcc/avr/4.6.2/../../../../avr/lib/avr6\libc.a(mul10.o)
                              c:/program files (x86)/atmel/avr tools/avr toolchain/bin/../lib/gcc/avr/4.6.2/../../../../avr/lib/avr6\libc.a(atoi.o) (__mulhi_const_10)
c:/program files (x86)/atmel/avr tools/avr toolchain/bin/../lib/gcc/avr/4.6.2/../../../../avr/lib/avr6\libc.a(fgets.o)
                              app.o (fgets)
c:/program files (x86)/atmel/avr tools/avr toolchain/bin/../lib/gcc/avr/4.6.2/../../../../avr/lib/avr6\libc.a(iob.o)
                              app.o (__iob)
c:/program files (x86)/atmel/avr tools/avr toolchain/bin/../lib/gcc/avr/4.6.2/../../../../avr/lib/avr6\libc.a(printf.o)
                              app.o (printf)
c:/program files (x86)/atmel/avr tools/avr toolchain/bin/../lib/gcc/avr/4.6.2/../../../../avr/lib/avr6\libc.a(putchar.o)
                              list.o (putchar)
c:/program files (x86)/atmel/avr tools/avr toolchain/bin/../lib/gcc/avr/4.6.2/../../../../avr/lib/avr6\libc.a(puts.o)
                              main.o (puts)
c:/program files (x86)/atmel/avr tools/avr toolchain/bin/../lib/gcc/avr/4.6.2/../../../../avr/lib/avr6\libc.a(vfprintf_std.o)
                              c:/program files (x86)/atmel/avr tools/avr toolchain/bin/../lib/gcc/avr/4.6.2/../../../../avr/lib/avr6\libc.a(printf.o) (vfprintf)
c:/program files (x86)/atmel/avr tools/avr toolchain/bin/../lib/gcc/avr/4.6.2/../../../../avr/lib/avr6\libc.a(strnlen_P.o)
                              c:/program files (x86)/atmel/avr tools/avr toolchain/bin/../lib/gcc/avr/4.6.2/../../../../avr/lib/avr6\libc.a(vfprintf_std.o) (strnlen_P)
c:/program files (x86)/atmel/avr tools/avr toolchain/bin/../lib/gcc/avr/4.6.2/../../../../avr/lib/avr6\libc.a(strnlen.o)
                              c:/program files (x86)/atmel/avr tools/avr toolchain/bin/../lib/gcc/avr/4.6.2/../../../../avr/lib/avr6\libc.a(vfprintf_std.o) (strnlen)
c:/program files (x86)/atmel/avr tools/avr toolchain/bin/../lib/gcc/avr/4.6.2/../../../../avr/lib/avr6\libc.a(fgetc.o)
                              c:/program files (x86)/atmel/avr tools/avr toolchain/bin/../lib/gcc/avr/4.6.2/../../../../avr/lib/avr6\libc.a(fgets.o) (fgetc)
c:/program files (x86)/atmel/avr tools/avr toolchain/bin/../lib/gcc/avr/4.6.2/../../../../avr/lib/avr6\libc.a(fputc.o)
                              c:/program files (x86)/atmel/avr tools/avr toolchain/bin/../lib/gcc/avr/4.6.2/../../../../avr/lib/avr6\libc.a(putchar.o) (fputc)
c:/program files (x86)/atmel/avr tools/avr toolchain/bin/../lib/gcc/avr/4.6.2/../../../../avr/lib/avr6\libc.a(ultoa_invert.o)
                              c:/program files (x86)/atmel/avr tools/avr toolchain/bin/../lib/gcc/avr/4.6.2/../../../../avr/lib/avr6\libc.a(vfprintf_std.o) (__ultoa_invert)

Allocating common symbols
Common symbol       size              file

fi                  0x2               queue.o
__brkval            0x2               c:/program files (x86)/atmel/avr tools/avr toolchain/bin/../lib/gcc/avr/4.6.2/../../../../avr/lib/avr6\libc.a(malloc.o)
qo                  0x100             queue.o
uart_busy           0x1               uart.o
fo                  0x2               queue.o
ro                  0x2               queue.o
ri                  0x2               queue.o
__flp               0x2               c:/program files (x86)/atmel/avr tools/avr toolchain/bin/../lib/gcc/avr/4.6.2/../../../../avr/lib/avr6\libc.a(malloc.o)
__iob               0x6               c:/program files (x86)/atmel/avr tools/avr toolchain/bin/../lib/gcc/avr/4.6.2/../../../../avr/lib/avr6\libc.a(iob.o)
qi                  0x100             queue.o

Memory Configuration

Name             Origin             Length             Attributes
text             0x00000000         0x00100000         xr
data             0x00800200         0x0000fe00         rw !x
eeprom           0x00810000         0x00010000         rw !x
fuse             0x00820000         0x00000400         rw !x
lock             0x00830000         0x00000400         rw !x
signature        0x00840000         0x00000400         rw !x
*default*        0x00000000         0xffffffff

Linker script and memory map

Address of section .data set to 0x800200
LOAD c:/program files (x86)/atmel/avr tools/avr toolchain/bin/../lib/gcc/avr/4.6.2/../../../../avr/lib/avr6/crtm2560.o
LOAD app.o
LOAD list.o
LOAD main.o
LOAD queue.o
LOAD uart.o
LOAD timer.o
LOAD c:/program files (x86)/atmel/avr tools/avr toolchain/bin/../lib/gcc/avr/4.6.2/avr6\libgcc.a
LOAD c:/program files (x86)/atmel/avr tools/avr toolchain/bin/../lib/gcc/avr/4.6.2/../../../../avr/lib/avr6\libc.a
LOAD c:/program files (x86)/atmel/avr tools/avr toolchain/bin/../lib/gcc/avr/4.6.2/avr6\libgcc.a

.hash
 *(.hash)

.dynsym
 *(.dynsym)

.dynstr
 *(.dynstr)

.gnu.version
 *(.gnu.version)

.gnu.version_d
 *(.gnu.version_d)

.gnu.version_r
 *(.gnu.version_r)

.rel.init
 *(.rel.init)

.rela.init
 *(.rela.init)

.rel.text
 *(.rel.text)
 *(.rel.text.*)
 *(.rel.gnu.linkonce.t*)

.rela.text
 *(.rela.text)
 *(.rela.text.*)
 *(.rela.gnu.linkonce.t*)

.rel.fini
 *(.rel.fini)

.rela.fini
 *(.rela.fini)

.rel.rodata
 *(.rel.rodata)
 *(.rel.rodata.*)
 *(.rel.gnu.linkonce.r*)

.rela.rodata
 *(.rela.rodata)
 *(.rela.rodata.*)
 *(.rela.gnu.linkonce.r*)

.rel.data
 *(.rel.data)
 *(.rel.data.*)
 *(.rel.gnu.linkonce.d*)

.rela.data
 *(.rela.data)
 *(.rela.data.*)
 *(.rela.gnu.linkonce.d*)

.rel.ctors
 *(.rel.ctors)

.rela.ctors
 *(.rela.ctors)

.rel.dtors
 *(.rel.dtors)

.rela.dtors
 *(.rela.dtors)

.rel.got
 *(.rel.got)

.rela.got
 *(.rela.got)

.rel.bss
 *(.rel.bss)

.rela.bss
 *(.rela.bss)

.rel.plt
 *(.rel.plt)

.rela.plt
 *(.rela.plt)

.text           0x00000000     0x13aa
 *(.vectors)
 .vectors       0x00000000       0xe4 c:/program files (x86)/atmel/avr tools/avr toolchain/bin/../lib/gcc/avr/4.6.2/../../../../avr/lib/avr6/crtm2560.o
                0x00000000                __vector_default
                0x00000000                __vectors
 *(.vectors)
 *(.progmem.gcc*)
 *(.progmem*)
                0x000000e4                . = ALIGN (0x2)
                0x000000e4                __trampolines_start = .
 *(.trampolines)
 .trampolines   0x000000e4        0x0 linker stubs
 *(.trampolines*)
                0x000000e4                __trampolines_end = .
 *(.jumptables)
 *(.jumptables*)
 *(.lowtext)
 *(.lowtext*)
                0x000000e4                __ctors_start = .
 *(.ctors)
                0x000000e4                __ctors_end = .
                0x000000e4                __dtors_start = .
 *(.dtors)
                0x000000e4                __dtors_end = .
 SORT(*)(.ctors)
 SORT(*)(.dtors)
 *(.init0)
 .init0         0x000000e4        0x0 c:/program files (x86)/atmel/avr tools/avr toolchain/bin/../lib/gcc/avr/4.6.2/../../../../avr/lib/avr6/crtm2560.o
                0x000000e4                __init
 *(.init0)
 *(.init1)
 *(.init1)
 *(.init2)
 .init2         0x000000e4       0x10 c:/program files (x86)/atmel/avr tools/avr toolchain/bin/../lib/gcc/avr/4.6.2/../../../../avr/lib/avr6/crtm2560.o
 *(.init2)
 *(.init3)
 *(.init3)
 *(.init4)
 .init4         0x000000f4       0x1c c:/program files (x86)/atmel/avr tools/avr toolchain/bin/../lib/gcc/avr/4.6.2/avr6\libgcc.a(_copy_data.o)
                0x000000f4                __do_copy_data
 .init4         0x00000110       0x10 c:/program files (x86)/atmel/avr tools/avr toolchain/bin/../lib/gcc/avr/4.6.2/avr6\libgcc.a(_clear_bss.o)
                0x00000110                __do_clear_bss
 *(.init4)
 *(.init5)
 *(.init5)
 *(.init6)
 *(.init6)
 *(.init7)
 *(.init7)
 *(.init8)
 *(.init8)
 *(.init9)
 .init9         0x00000120        0x8 c:/program files (x86)/atmel/avr tools/avr toolchain/bin/../lib/gcc/avr/4.6.2/../../../../avr/lib/avr6/crtm2560.o
 *(.init9)
 *(.text)
 .text          0x00000128        0x4 c:/program files (x86)/atmel/avr tools/avr toolchain/bin/../lib/gcc/avr/4.6.2/../../../../avr/lib/avr6/crtm2560.o
                0x00000128                __vector_38
                0x00000128                __vector_22
                0x00000128                __vector_28
                0x00000128                __vector_1
                0x00000128                __vector_32
                0x00000128                __vector_34
                0x00000128                __vector_24
                0x00000128                __vector_12
                0x00000128                __vector_55
                0x00000128                __vector_46
                0x00000128                __bad_interrupt
                0x00000128                __vector_6
                0x00000128                __vector_31
                0x00000128                __vector_35
                0x00000128                __vector_39
                0x00000128                __vector_3
                0x00000128                __vector_23
                0x00000128                __vector_30
                0x00000128                __vector_45
                0x00000128                __vector_11
                0x00000128                __vector_54
                0x00000128                __vector_13
                0x00000128                __vector_17
                0x00000128                __vector_19
                0x00000128                __vector_56
                0x00000128                __vector_7
                0x00000128                __vector_49
                0x00000128                __vector_41
                0x00000128                __vector_43
                0x00000128                __vector_5
                0x00000128                __vector_33
                0x00000128                __vector_47
                0x00000128                __vector_52
                0x00000128                __vector_37
                0x00000128                __vector_4
                0x00000128                __vector_44
                0x00000128                __vector_51
                0x00000128                __vector_9
                0x00000128                __vector_2
                0x00000128                __vector_21
                0x00000128                __vector_15
                0x00000128                __vector_36
                0x00000128                __vector_29
                0x00000128                __vector_40
                0x00000128                __vector_8
                0x00000128                __vector_26
                0x00000128                __vector_48
                0x00000128                __vector_14
                0x00000128                __vector_53
                0x00000128                __vector_10
                0x00000128                __vector_50
                0x00000128                __vector_16
                0x00000128                __vector_18
                0x00000128                __vector_20
                0x00000128                __vector_42
 .text          0x0000012c      0x178 app.o
                0x0000012c                is_prime
                0x00000168                app_prime
                0x00000202                app_list
 .text          0x000002a4      0x152 list.o
                0x000002a4                get_node
                0x000002ae                free_node
                0x000002b4                insert_node_head
                0x000002de                insert_node_tail
                0x0000030c                insert_node_ascn
                0x0000037a                tour_list
                0x000003d4                free_list
 .text          0x000003f6        0x0 main.o
 .text          0x000003f6      0x11e queue.o
                0x000003f6                q_init
                0x00000418                qi_insert
                0x0000045c                qi_delete
                0x00000496                qo_insert
                0x000004da                qo_delete
 .text          0x00000514      0x1a2 uart.o
                0x00000514                uart_getchar
                0x0000052e                uart_putchar
                0x00000570                uart_init
                0x000005c2                uart_echo
                0x000005ee                __vector_27
                0x0000064c                __vector_25
 .text          0x000006b6      0x214 timer.o
                0x000006b6                tour_timer
                0x0000073a                free_timer
                0x0000075c                get_timer
                0x00000766                insert_timer
                0x0000084c                app_timer
 .text          0x000008ca        0x0 c:/program files (x86)/atmel/avr tools/avr toolchain/bin/../lib/gcc/avr/4.6.2/avr6\libgcc.a(_divmodhi4.o)
 .text          0x000008ca        0x0 c:/program files (x86)/atmel/avr tools/avr toolchain/bin/../lib/gcc/avr/4.6.2/avr6\libgcc.a(_exit.o)
 .text          0x000008ca        0x0 c:/program files (x86)/atmel/avr tools/avr toolchain/bin/../lib/gcc/avr/4.6.2/avr6\libgcc.a(_copy_data.o)
 .text          0x000008ca        0x0 c:/program files (x86)/atmel/avr tools/avr toolchain/bin/../lib/gcc/avr/4.6.2/avr6\libgcc.a(_clear_bss.o)
 .text          0x000008ca        0x0 c:/program files (x86)/atmel/avr tools/avr toolchain/bin/../lib/gcc/avr/4.6.2/avr6\libgcc.a(_udivmodhi4.o)
 .text          0x000008ca        0x0 c:/program files (x86)/atmel/avr tools/avr toolchain/bin/../lib/gcc/avr/4.6.2/../../../../avr/lib/avr6\libc.a(malloc.o)
 .text          0x000008ca        0x0 c:/program files (x86)/atmel/avr tools/avr toolchain/bin/../lib/gcc/avr/4.6.2/../../../../avr/lib/avr6\libc.a(atoi.o)
 .text          0x000008ca        0x0 c:/program files (x86)/atmel/avr tools/avr toolchain/bin/../lib/gcc/avr/4.6.2/../../../../avr/lib/avr6\libc.a(strtok.o)
 .text          0x000008ca        0x0 c:/program files (x86)/atmel/avr tools/avr toolchain/bin/../lib/gcc/avr/4.6.2/../../../../avr/lib/avr6\libc.a(strcmp.o)
 .text          0x000008ca        0x0 c:/program files (x86)/atmel/avr tools/avr toolchain/bin/../lib/gcc/avr/4.6.2/../../../../avr/lib/avr6\libc.a(strtok_r.o)
 .text          0x000008ca        0x0 c:/program files (x86)/atmel/avr tools/avr toolchain/bin/../lib/gcc/avr/4.6.2/../../../../avr/lib/avr6\libc.a(mul10.o)
 .text          0x000008ca        0x0 c:/program files (x86)/atmel/avr tools/avr toolchain/bin/../lib/gcc/avr/4.6.2/../../../../avr/lib/avr6\libc.a(fgets.o)
 .text          0x000008ca        0x0 c:/program files (x86)/atmel/avr tools/avr toolchain/bin/../lib/gcc/avr/4.6.2/../../../../avr/lib/avr6\libc.a(iob.o)
 .text          0x000008ca        0x0 c:/program files (x86)/atmel/avr tools/avr toolchain/bin/../lib/gcc/avr/4.6.2/../../../../avr/lib/avr6\libc.a(printf.o)
 .text          0x000008ca        0x0 c:/program files (x86)/atmel/avr tools/avr toolchain/bin/../lib/gcc/avr/4.6.2/../../../../avr/lib/avr6\libc.a(putchar.o)
 .text          0x000008ca        0x0 c:/program files (x86)/atmel/avr tools/avr toolchain/bin/../lib/gcc/avr/4.6.2/../../../../avr/lib/avr6\libc.a(puts.o)
 .text          0x000008ca        0x0 c:/program files (x86)/atmel/avr tools/avr toolchain/bin/../lib/gcc/avr/4.6.2/../../../../avr/lib/avr6\libc.a(vfprintf_std.o)
 .text          0x000008ca        0x0 c:/program files (x86)/atmel/avr tools/avr toolchain/bin/../lib/gcc/avr/4.6.2/../../../../avr/lib/avr6\libc.a(strnlen_P.o)
 .text          0x000008ca        0x0 c:/program files (x86)/atmel/avr tools/avr toolchain/bin/../lib/gcc/avr/4.6.2/../../../../avr/lib/avr6\libc.a(strnlen.o)
 .text          0x000008ca        0x0 c:/program files (x86)/atmel/avr tools/avr toolchain/bin/../lib/gcc/avr/4.6.2/../../../../avr/lib/avr6\libc.a(fgetc.o)
 .text          0x000008ca        0x0 c:/program files (x86)/atmel/avr tools/avr toolchain/bin/../lib/gcc/avr/4.6.2/../../../../avr/lib/avr6\libc.a(fputc.o)
 .text          0x000008ca        0x0 c:/program files (x86)/atmel/avr tools/avr toolchain/bin/../lib/gcc/avr/4.6.2/../../../../avr/lib/avr6\libc.a(ultoa_invert.o)
                0x000008ca                . = ALIGN (0x2)
 *(.text.*)
 .text.startup  0x000008ca       0xb6 main.o
                0x000008ca                main
 .text.libgcc   0x00000980       0x26 c:/program files (x86)/atmel/avr tools/avr toolchain/bin/../lib/gcc/avr/4.6.2/avr6\libgcc.a(_divmodhi4.o)
                0x00000980                _div
                0x00000980                __divmodhi4
 .text.libgcc   0x000009a6        0x0 c:/program files (x86)/atmel/avr tools/avr toolchain/bin/../lib/gcc/avr/4.6.2/avr6\libgcc.a(_exit.o)
 .text.libgcc   0x000009a6        0x0 c:/program files (x86)/atmel/avr tools/avr toolchain/bin/../lib/gcc/avr/4.6.2/avr6\libgcc.a(_copy_data.o)
 .text.libgcc   0x000009a6        0x0 c:/program files (x86)/atmel/avr tools/avr toolchain/bin/../lib/gcc/avr/4.6.2/avr6\libgcc.a(_clear_bss.o)
 .text.libgcc   0x000009a6       0x28 c:/program files (x86)/atmel/avr tools/avr toolchain/bin/../lib/gcc/avr/4.6.2/avr6\libgcc.a(_udivmodhi4.o)
                0x000009a6                __udivmodhi4
 .text.avr-libc
                0x000009ce      0x25e c:/program files (x86)/atmel/avr tools/avr toolchain/bin/../lib/gcc/avr/4.6.2/../../../../avr/lib/avr6\libc.a(malloc.o)
                0x000009ce                malloc
                0x00000afa                free
 .text.avr-libc
                0x00000c2c       0x3c c:/program files (x86)/atmel/avr tools/avr toolchain/bin/../lib/gcc/avr/4.6.2/../../../../avr/lib/avr6\libc.a(atoi.o)
                0x00000c2c                atoi
 .text.avr-libc
                0x00000c68        0xa c:/program files (x86)/atmel/avr tools/avr toolchain/bin/../lib/gcc/avr/4.6.2/../../../../avr/lib/avr6\libc.a(strtok.o)
                0x00000c68                strtok
 .text.avr-libc
                0x00000c72       0x12 c:/program files (x86)/atmel/avr tools/avr toolchain/bin/../lib/gcc/avr/4.6.2/../../../../avr/lib/avr6\libc.a(strcmp.o)
                0x00000c72                strcmp
 .text.avr-libc
                0x00000c84       0x4e c:/program files (x86)/atmel/avr tools/avr toolchain/bin/../lib/gcc/avr/4.6.2/../../../../avr/lib/avr6\libc.a(strtok_r.o)
                0x00000c84                strtok_r
 .text.avr-libc
                0x00000cd2       0x10 c:/program files (x86)/atmel/avr tools/avr toolchain/bin/../lib/gcc/avr/4.6.2/../../../../avr/lib/avr6\libc.a(mul10.o)
                0x00000cd2                __mulhi_const_10
 .text.avr-libc
                0x00000ce2       0x68 c:/program files (x86)/atmel/avr tools/avr toolchain/bin/../lib/gcc/avr/4.6.2/../../../../avr/lib/avr6\libc.a(fgets.o)
                0x00000ce2                fgets
 .text.avr-libc
                0x00000d4a       0x24 c:/program files (x86)/atmel/avr tools/avr toolchain/bin/../lib/gcc/avr/4.6.2/../../../../avr/lib/avr6\libc.a(printf.o)
                0x00000d4a                printf
 .text.avr-libc
                0x00000d6e        0xe c:/program files (x86)/atmel/avr tools/avr toolchain/bin/../lib/gcc/avr/4.6.2/../../../../avr/lib/avr6\libc.a(putchar.o)
                0x00000d6e                putchar
 .text.avr-libc
                0x00000d7c       0x5c c:/program files (x86)/atmel/avr tools/avr toolchain/bin/../lib/gcc/avr/4.6.2/../../../../avr/lib/avr6\libc.a(puts.o)
                0x00000d7c                puts
 .text.avr-libc
                0x00000dd8      0x40e c:/program files (x86)/atmel/avr tools/avr toolchain/bin/../lib/gcc/avr/4.6.2/../../../../avr/lib/avr6\libc.a(vfprintf_std.o)
                0x00000dd8                vfprintf
 .text.avr-libc
                0x000011e6       0x16 c:/program files (x86)/atmel/avr tools/avr toolchain/bin/../lib/gcc/avr/4.6.2/../../../../avr/lib/avr6\libc.a(strnlen_P.o)
                0x000011e6                strnlen_P
 .text.avr-libc
                0x000011fc       0x16 c:/program files (x86)/atmel/avr tools/avr toolchain/bin/../lib/gcc/avr/4.6.2/../../../../avr/lib/avr6\libc.a(strnlen.o)
                0x000011fc                strnlen
 .text.avr-libc
                0x00001212       0x80 c:/program files (x86)/atmel/avr tools/avr toolchain/bin/../lib/gcc/avr/4.6.2/../../../../avr/lib/avr6\libc.a(fgetc.o)
                0x00001212                fgetc
 .text.avr-libc
                0x00001292       0x58 c:/program files (x86)/atmel/avr tools/avr toolchain/bin/../lib/gcc/avr/4.6.2/../../../../avr/lib/avr6\libc.a(fputc.o)
                0x00001292                fputc
 .text.avr-libc
                0x000012ea       0xbc c:/program files (x86)/atmel/avr tools/avr toolchain/bin/../lib/gcc/avr/4.6.2/../../../../avr/lib/avr6\libc.a(ultoa_invert.o)
                0x000012ea                __ultoa_invert
                0x000013a6                . = ALIGN (0x2)
 *(.fini9)
 .fini9         0x000013a6        0x0 c:/program files (x86)/atmel/avr tools/avr toolchain/bin/../lib/gcc/avr/4.6.2/avr6\libgcc.a(_exit.o)
                0x000013a6                _exit
                0x000013a6                exit
 *(.fini9)
 *(.fini8)
 *(.fini8)
 *(.fini7)
 *(.fini7)
 *(.fini6)
 *(.fini6)
 *(.fini5)
 *(.fini5)
 *(.fini4)
 *(.fini4)
 *(.fini3)
 *(.fini3)
 *(.fini2)
 *(.fini2)
 *(.fini1)
 *(.fini1)
 *(.fini0)
 .fini0         0x000013a6        0x4 c:/program files (x86)/atmel/avr tools/avr toolchain/bin/../lib/gcc/avr/4.6.2/avr6\libgcc.a(_exit.o)
 *(.fini0)
                0x000013aa                _etext = .

.data           0x00800200       0x9e load address 0x000013aa
                0x00800200                PROVIDE (__data_start, .)
 *(.data)
 .data          0x00800200        0x0 c:/program files (x86)/atmel/avr tools/avr toolchain/bin/../lib/gcc/avr/4.6.2/../../../../avr/lib/avr6/crtm2560.o
 .data          0x00800200       0x27 app.o
 .data          0x00800227        0x7 list.o
 .data          0x0080022e       0x3e main.o
 .data          0x0080026c        0x0 queue.o
 .data          0x0080026c       0x1c uart.o
                0x0080026c                Mystdin
                0x0080027a                Mystdout
 .data          0x00800288        0xf timer.o
 .data          0x00800297        0x0 c:/program files (x86)/atmel/avr tools/avr toolchain/bin/../lib/gcc/avr/4.6.2/avr6\libgcc.a(_divmodhi4.o)
 .data          0x00800297        0x0 c:/program files (x86)/atmel/avr tools/avr toolchain/bin/../lib/gcc/avr/4.6.2/avr6\libgcc.a(_exit.o)
 .data          0x00800297        0x0 c:/program files (x86)/atmel/avr tools/avr toolchain/bin/../lib/gcc/avr/4.6.2/avr6\libgcc.a(_copy_data.o)
 .data          0x00800297        0x0 c:/program files (x86)/atmel/avr tools/avr toolchain/bin/../lib/gcc/avr/4.6.2/avr6\libgcc.a(_clear_bss.o)
 .data          0x00800297        0x0 c:/program files (x86)/atmel/avr tools/avr toolchain/bin/../lib/gcc/avr/4.6.2/avr6\libgcc.a(_udivmodhi4.o)
 .data          0x00800297        0x6 c:/program files (x86)/atmel/avr tools/avr toolchain/bin/../lib/gcc/avr/4.6.2/../../../../avr/lib/avr6\libc.a(malloc.o)
                0x00800297                __malloc_heap_end
                0x00800299                __malloc_heap_start
                0x0080029b                __malloc_margin
 .data          0x0080029d        0x0 c:/program files (x86)/atmel/avr tools/avr toolchain/bin/../lib/gcc/avr/4.6.2/../../../../avr/lib/avr6\libc.a(atoi.o)
 .data          0x0080029d        0x0 c:/program files (x86)/atmel/avr tools/avr toolchain/bin/../lib/gcc/avr/4.6.2/../../../../avr/lib/avr6\libc.a(strtok.o)
 .data          0x0080029d        0x0 c:/program files (x86)/atmel/avr tools/avr toolchain/bin/../lib/gcc/avr/4.6.2/../../../../avr/lib/avr6\libc.a(strcmp.o)
 .data          0x0080029d        0x0 c:/program files (x86)/atmel/avr tools/avr toolchain/bin/../lib/gcc/avr/4.6.2/../../../../avr/lib/avr6\libc.a(strtok_r.o)
 .data          0x0080029d        0x0 c:/program files (x86)/atmel/avr tools/avr toolchain/bin/../lib/gcc/avr/4.6.2/../../../../avr/lib/avr6\libc.a(mul10.o)
 .data          0x0080029d        0x0 c:/program files (x86)/atmel/avr tools/avr toolchain/bin/../lib/gcc/avr/4.6.2/../../../../avr/lib/avr6\libc.a(fgets.o)
 .data          0x0080029d        0x0 c:/program files (x86)/atmel/avr tools/avr toolchain/bin/../lib/gcc/avr/4.6.2/../../../../avr/lib/avr6\libc.a(iob.o)
 .data          0x0080029d        0x0 c:/program files (x86)/atmel/avr tools/avr toolchain/bin/../lib/gcc/avr/4.6.2/../../../../avr/lib/avr6\libc.a(printf.o)
 .data          0x0080029d        0x0 c:/program files (x86)/atmel/avr tools/avr toolchain/bin/../lib/gcc/avr/4.6.2/../../../../avr/lib/avr6\libc.a(putchar.o)
 .data          0x0080029d        0x0 c:/program files (x86)/atmel/avr tools/avr toolchain/bin/../lib/gcc/avr/4.6.2/../../../../avr/lib/avr6\libc.a(puts.o)
 .data          0x0080029d        0x0 c:/program files (x86)/atmel/avr tools/avr toolchain/bin/../lib/gcc/avr/4.6.2/../../../../avr/lib/avr6\libc.a(vfprintf_std.o)
 .data          0x0080029d        0x0 c:/program files (x86)/atmel/avr tools/avr toolchain/bin/../lib/gcc/avr/4.6.2/../../../../avr/lib/avr6\libc.a(strnlen_P.o)
 .data          0x0080029d        0x0 c:/program files (x86)/atmel/avr tools/avr toolchain/bin/../lib/gcc/avr/4.6.2/../../../../avr/lib/avr6\libc.a(strnlen.o)
 .data          0x0080029d        0x0 c:/program files (x86)/atmel/avr tools/avr toolchain/bin/../lib/gcc/avr/4.6.2/../../../../avr/lib/avr6\libc.a(fgetc.o)
 .data          0x0080029d        0x0 c:/program files (x86)/atmel/avr tools/avr toolchain/bin/../lib/gcc/avr/4.6.2/../../../../avr/lib/avr6\libc.a(fputc.o)
 .data          0x0080029d        0x0 c:/program files (x86)/atmel/avr tools/avr toolchain/bin/../lib/gcc/avr/4.6.2/../../../../avr/lib/avr6\libc.a(ultoa_invert.o)
 *(.data*)
 *(.rodata)
 *(.rodata*)
 *(.gnu.linkonce.d*)
                0x0080029e                . = ALIGN (0x2)
 *fill*         0x0080029d        0x1 00
                0x0080029e                _edata = .
                0x0080029e                PROVIDE (__data_end, .)

.bss            0x0080029e      0x219
                0x0080029e                PROVIDE (__bss_start, .)
 *(.bss)
 .bss           0x0080029e        0x0 c:/program files (x86)/atmel/avr tools/avr toolchain/bin/../lib/gcc/avr/4.6.2/../../../../avr/lib/avr6/crtm2560.o
 .bss           0x0080029e        0x0 app.o
 .bss           0x0080029e        0x2 list.o
                0x0080029e                Head
 .bss           0x008002a0        0x0 main.o
 .bss           0x008002a0        0x0 queue.o
 .bss           0x008002a0        0x0 uart.o
 .bss           0x008002a0        0x2 timer.o
                0x008002a0                Thead
 .bss           0x008002a2        0x0 c:/program files (x86)/atmel/avr tools/avr toolchain/bin/../lib/gcc/avr/4.6.2/avr6\libgcc.a(_divmodhi4.o)
 .bss           0x008002a2        0x0 c:/program files (x86)/atmel/avr tools/avr toolchain/bin/../lib/gcc/avr/4.6.2/avr6\libgcc.a(_exit.o)
 .bss           0x008002a2        0x0 c:/program files (x86)/atmel/avr tools/avr toolchain/bin/../lib/gcc/avr/4.6.2/avr6\libgcc.a(_copy_data.o)
 .bss           0x008002a2        0x0 c:/program files (x86)/atmel/avr tools/avr toolchain/bin/../lib/gcc/avr/4.6.2/avr6\libgcc.a(_clear_bss.o)
 .bss           0x008002a2        0x0 c:/program files (x86)/atmel/avr tools/avr toolchain/bin/../lib/gcc/avr/4.6.2/avr6\libgcc.a(_udivmodhi4.o)
 .bss           0x008002a2        0x0 c:/program files (x86)/atmel/avr tools/avr toolchain/bin/../lib/gcc/avr/4.6.2/../../../../avr/lib/avr6\libc.a(malloc.o)
 .bss           0x008002a2        0x0 c:/program files (x86)/atmel/avr tools/avr toolchain/bin/../lib/gcc/avr/4.6.2/../../../../avr/lib/avr6\libc.a(atoi.o)
 .bss           0x008002a2        0x2 c:/program files (x86)/atmel/avr tools/avr toolchain/bin/../lib/gcc/avr/4.6.2/../../../../avr/lib/avr6\libc.a(strtok.o)
 .bss           0x008002a4        0x0 c:/program files (x86)/atmel/avr tools/avr toolchain/bin/../lib/gcc/avr/4.6.2/../../../../avr/lib/avr6\libc.a(strcmp.o)
 .bss           0x008002a4        0x0 c:/program files (x86)/atmel/avr tools/avr toolchain/bin/../lib/gcc/avr/4.6.2/../../../../avr/lib/avr6\libc.a(strtok_r.o)
 .bss           0x008002a4        0x0 c:/program files (x86)/atmel/avr tools/avr toolchain/bin/../lib/gcc/avr/4.6.2/../../../../avr/lib/avr6\libc.a(mul10.o)
 .bss           0x008002a4        0x0 c:/program files (x86)/atmel/avr tools/avr toolchain/bin/../lib/gcc/avr/4.6.2/../../../../avr/lib/avr6\libc.a(fgets.o)
 .bss           0x008002a4        0x0 c:/program files (x86)/atmel/avr tools/avr toolchain/bin/../lib/gcc/avr/4.6.2/../../../../avr/lib/avr6\libc.a(iob.o)
 .bss           0x008002a4        0x0 c:/program files (x86)/atmel/avr tools/avr toolchain/bin/../lib/gcc/avr/4.6.2/../../../../avr/lib/avr6\libc.a(printf.o)
 .bss           0x008002a4        0x0 c:/program files (x86)/atmel/avr tools/avr toolchain/bin/../lib/gcc/avr/4.6.2/../../../../avr/lib/avr6\libc.a(putchar.o)
 .bss           0x008002a4        0x0 c:/program files (x86)/atmel/avr tools/avr toolchain/bin/../lib/gcc/avr/4.6.2/../../../../avr/lib/avr6\libc.a(puts.o)
 .bss           0x008002a4        0x0 c:/program files (x86)/atmel/avr tools/avr toolchain/bin/../lib/gcc/avr/4.6.2/../../../../avr/lib/avr6\libc.a(vfprintf_std.o)
 .bss           0x008002a4        0x0 c:/program files (x86)/atmel/avr tools/avr toolchain/bin/../lib/gcc/avr/4.6.2/../../../../avr/lib/avr6\libc.a(strnlen_P.o)
 .bss           0x008002a4        0x0 c:/program files (x86)/atmel/avr tools/avr toolchain/bin/../lib/gcc/avr/4.6.2/../../../../avr/lib/avr6\libc.a(strnlen.o)
 .bss           0x008002a4        0x0 c:/program files (x86)/atmel/avr tools/avr toolchain/bin/../lib/gcc/avr/4.6.2/../../../../avr/lib/avr6\libc.a(fgetc.o)
 .bss           0x008002a4        0x0 c:/program files (x86)/atmel/avr tools/avr toolchain/bin/../lib/gcc/avr/4.6.2/../../../../avr/lib/avr6\libc.a(fputc.o)
 .bss           0x008002a4        0x0 c:/program files (x86)/atmel/avr tools/avr toolchain/bin/../lib/gcc/avr/4.6.2/../../../../avr/lib/avr6\libc.a(ultoa_invert.o)
 *(.bss*)
 *(COMMON)
 COMMON         0x008002a4      0x208 queue.o
                0x008002a4                fi
                0x008002a6                qo
                0x008003a6                fo
                0x008003a8                ro
                0x008003aa                ri
                0x008003ac                qi
 COMMON         0x008004ac        0x1 uart.o
                0x008004ac                uart_busy
 COMMON         0x008004ad        0x4 c:/program files (x86)/atmel/avr tools/avr toolchain/bin/../lib/gcc/avr/4.6.2/../../../../avr/lib/avr6\libc.a(malloc.o)
                0x008004ad                __brkval
                0x008004af                __flp
 COMMON         0x008004b1        0x6 c:/program files (x86)/atmel/avr tools/avr toolchain/bin/../lib/gcc/avr/4.6.2/../../../../avr/lib/avr6\libc.a(iob.o)
                0x008004b1                __iob
                0x008004b7                PROVIDE (__bss_end, .)
                0x000013aa                __data_load_start = LOADADDR (.data)
                0x00001448                __data_load_end = (__data_load_start + SIZEOF (.data))

.noinit         0x008004b7        0x0
                0x008004b7                PROVIDE (__noinit_start, .)
 *(.noinit*)
                0x008004b7                PROVIDE (__noinit_end, .)
                0x008004b7                _end = .
                0x008004b7                PROVIDE (__heap_start, .)

.eeprom         0x00810000        0x0
 *(.eeprom*)
                0x00810000                __eeprom_end = .

.fuse
 *(.fuse)
 *(.lfuse)
 *(.hfuse)
 *(.efuse)

.lock
 *(.lock*)

.signature
 *(.signature*)

.stab           0x00000000     0x1110
 *(.stab)
 .stab          0x00000000      0x6e4 c:/program files (x86)/atmel/avr tools/avr toolchain/bin/../lib/gcc/avr/4.6.2/../../../../avr/lib/avr6/crtm2560.o
 .stab          0x000006e4      0x174 c:/program files (x86)/atmel/avr tools/avr toolchain/bin/../lib/gcc/avr/4.6.2/../../../../avr/lib/avr6\libc.a(atoi.o)
                                0x180 (size before relaxing)
 .stab          0x00000858       0x84 c:/program files (x86)/atmel/avr tools/avr toolchain/bin/../lib/gcc/avr/4.6.2/../../../../avr/lib/avr6\libc.a(strcmp.o)
                                 0x90 (size before relaxing)
 .stab          0x000008dc      0x204 c:/program files (x86)/atmel/avr tools/avr toolchain/bin/../lib/gcc/avr/4.6.2/../../../../avr/lib/avr6\libc.a(strtok_r.o)
                                0x210 (size before relaxing)
 .stab          0x00000ae0       0x78 c:/program files (x86)/atmel/avr tools/avr toolchain/bin/../lib/gcc/avr/4.6.2/../../../../avr/lib/avr6\libc.a(mul10.o)
                                 0x84 (size before relaxing)
 .stab          0x00000b58       0x9c c:/program files (x86)/atmel/avr tools/avr toolchain/bin/../lib/gcc/avr/4.6.2/../../../../avr/lib/avr6\libc.a(strnlen_P.o)
                                 0xa8 (size before relaxing)
 .stab          0x00000bf4       0x9c c:/program files (x86)/atmel/avr tools/avr toolchain/bin/../lib/gcc/avr/4.6.2/../../../../avr/lib/avr6\libc.a(strnlen.o)
                                 0xa8 (size before relaxing)
 .stab          0x00000c90      0x480 c:/program files (x86)/atmel/avr tools/avr toolchain/bin/../lib/gcc/avr/4.6.2/../../../../avr/lib/avr6\libc.a(ultoa_invert.o)
                                0x48c (size before relaxing)

.stabstr        0x00000000      0x33b
 *(.stabstr)
 .stabstr       0x00000000      0x33b c:/program files (x86)/atmel/avr tools/avr toolchain/bin/../lib/gcc/avr/4.6.2/../../../../avr/lib/avr6/crtm2560.o

.stab.excl
 *(.stab.excl)

.stab.exclstr
 *(.stab.exclstr)

.stab.index
 *(.stab.index)

.stab.indexstr
 *(.stab.indexstr)

.comment
 *(.comment)

.debug
 *(.debug)

.line
 *(.line)

.debug_srcinfo
 *(.debug_srcinfo)

.debug_sfnames
 *(.debug_sfnames)

.debug_aranges  0x00000000      0x288
 *(.debug_aranges)
 .debug_aranges
                0x00000000       0x20 app.o
 .debug_aranges
                0x00000020       0x20 list.o
 .debug_aranges
                0x00000040       0x20 main.o
 .debug_aranges
                0x00000060       0x20 queue.o
 .debug_aranges
                0x00000080       0x20 uart.o
 .debug_aranges
                0x000000a0       0x20 timer.o
 .debug_aranges
                0x000000c0       0x20 c:/program files (x86)/atmel/avr tools/avr toolchain/bin/../lib/gcc/avr/4.6.2/avr6\libgcc.a(_divmodhi4.o)
 .debug_aranges
                0x000000e0       0x20 c:/program files (x86)/atmel/avr tools/avr toolchain/bin/../lib/gcc/avr/4.6.2/avr6\libgcc.a(_exit.o)
 .debug_aranges
                0x00000100       0x20 c:/program files (x86)/atmel/avr tools/avr toolchain/bin/../lib/gcc/avr/4.6.2/avr6\libgcc.a(_copy_data.o)
 .debug_aranges
                0x00000120       0x20 c:/program files (x86)/atmel/avr tools/avr toolchain/bin/../lib/gcc/avr/4.6.2/avr6\libgcc.a(_clear_bss.o)
 .debug_aranges
                0x00000140       0x20 c:/program files (x86)/atmel/avr tools/avr toolchain/bin/../lib/gcc/avr/4.6.2/avr6\libgcc.a(_udivmodhi4.o)
 .debug_aranges
                0x00000160       0x28 c:/program files (x86)/atmel/avr tools/avr toolchain/bin/../lib/gcc/avr/4.6.2/../../../../avr/lib/avr6\libc.a(malloc.o)
 .debug_aranges
                0x00000188       0x20 c:/program files (x86)/atmel/avr tools/avr toolchain/bin/../lib/gcc/avr/4.6.2/../../../../avr/lib/avr6\libc.a(strtok.o)
 .debug_aranges
                0x000001a8       0x20 c:/program files (x86)/atmel/avr tools/avr toolchain/bin/../lib/gcc/avr/4.6.2/../../../../avr/lib/avr6\libc.a(fgets.o)
 .debug_aranges
                0x000001c8       0x20 c:/program files (x86)/atmel/avr tools/avr toolchain/bin/../lib/gcc/avr/4.6.2/../../../../avr/lib/avr6\libc.a(printf.o)
 .debug_aranges
                0x000001e8       0x20 c:/program files (x86)/atmel/avr tools/avr toolchain/bin/../lib/gcc/avr/4.6.2/../../../../avr/lib/avr6\libc.a(putchar.o)
 .debug_aranges
                0x00000208       0x20 c:/program files (x86)/atmel/avr tools/avr toolchain/bin/../lib/gcc/avr/4.6.2/../../../../avr/lib/avr6\libc.a(puts.o)
 .debug_aranges
                0x00000228       0x20 c:/program files (x86)/atmel/avr tools/avr toolchain/bin/../lib/gcc/avr/4.6.2/../../../../avr/lib/avr6\libc.a(vfprintf_std.o)
 .debug_aranges
                0x00000248       0x20 c:/program files (x86)/atmel/avr tools/avr toolchain/bin/../lib/gcc/avr/4.6.2/../../../../avr/lib/avr6\libc.a(fgetc.o)
 .debug_aranges
                0x00000268       0x20 c:/program files (x86)/atmel/avr tools/avr toolchain/bin/../lib/gcc/avr/4.6.2/../../../../avr/lib/avr6\libc.a(fputc.o)

.debug_pubnames
 *(.debug_pubnames)

.debug_info     0x00000000     0x240e
 *(.debug_info)
 .debug_info    0x00000000      0x273 app.o
 .debug_info    0x00000273      0x225 list.o
 .debug_info    0x00000498      0x1b3 main.o
 .debug_info    0x0000064b      0x1bf queue.o
 .debug_info    0x0000080a      0x350 uart.o
 .debug_info    0x00000b5a      0x358 timer.o
 .debug_info    0x00000eb2       0xdd c:/program files (x86)/atmel/avr tools/avr toolchain/bin/../lib/gcc/avr/4.6.2/avr6\libgcc.a(_divmodhi4.o)
 .debug_info    0x00000f8f       0xdd c:/program files (x86)/atmel/avr tools/avr toolchain/bin/../lib/gcc/avr/4.6.2/avr6\libgcc.a(_exit.o)
 .debug_info    0x0000106c       0xdd c:/program files (x86)/atmel/avr tools/avr toolchain/bin/../lib/gcc/avr/4.6.2/avr6\libgcc.a(_copy_data.o)
 .debug_info    0x00001149       0xdd c:/program files (x86)/atmel/avr tools/avr toolchain/bin/../lib/gcc/avr/4.6.2/avr6\libgcc.a(_clear_bss.o)
 .debug_info    0x00001226       0xdd c:/program files (x86)/atmel/avr tools/avr toolchain/bin/../lib/gcc/avr/4.6.2/avr6\libgcc.a(_udivmodhi4.o)
 .debug_info    0x00001303      0x296 c:/program files (x86)/atmel/avr tools/avr toolchain/bin/../lib/gcc/avr/4.6.2/../../../../avr/lib/avr6\libc.a(malloc.o)
 .debug_info    0x00001599       0x8e c:/program files (x86)/atmel/avr tools/avr toolchain/bin/../lib/gcc/avr/4.6.2/../../../../avr/lib/avr6\libc.a(strtok.o)
 .debug_info    0x00001627      0x193 c:/program files (x86)/atmel/avr tools/avr toolchain/bin/../lib/gcc/avr/4.6.2/../../../../avr/lib/avr6\libc.a(fgets.o)
 .debug_info    0x000017ba      0x14f c:/program files (x86)/atmel/avr tools/avr toolchain/bin/../lib/gcc/avr/4.6.2/../../../../avr/lib/avr6\libc.a(iob.o)
 .debug_info    0x00001909      0x1c6 c:/program files (x86)/atmel/avr tools/avr toolchain/bin/../lib/gcc/avr/4.6.2/../../../../avr/lib/avr6\libc.a(printf.o)
 .debug_info    0x00001acf      0x183 c:/program files (x86)/atmel/avr tools/avr toolchain/bin/../lib/gcc/avr/4.6.2/../../../../avr/lib/avr6\libc.a(putchar.o)
 .debug_info    0x00001c52      0x1ab c:/program files (x86)/atmel/avr tools/avr toolchain/bin/../lib/gcc/avr/4.6.2/../../../../avr/lib/avr6\libc.a(puts.o)
 .debug_info    0x00001dfd      0x342 c:/program files (x86)/atmel/avr tools/avr toolchain/bin/../lib/gcc/avr/4.6.2/../../../../avr/lib/avr6\libc.a(vfprintf_std.o)
 .debug_info    0x0000213f      0x168 c:/program files (x86)/atmel/avr tools/avr toolchain/bin/../lib/gcc/avr/4.6.2/../../../../avr/lib/avr6\libc.a(fgetc.o)
 .debug_info    0x000022a7      0x167 c:/program files (x86)/atmel/avr tools/avr toolchain/bin/../lib/gcc/avr/4.6.2/../../../../avr/lib/avr6\libc.a(fputc.o)
 *(.gnu.linkonce.wi.*)

.debug_abbrev   0x00000000     0x1177
 *(.debug_abbrev)
 .debug_abbrev  0x00000000      0x138 app.o
 .debug_abbrev  0x00000138      0x165 list.o
 .debug_abbrev  0x0000029d      0x103 main.o
 .debug_abbrev  0x000003a0       0xae queue.o
 .debug_abbrev  0x0000044e      0x1ea uart.o
 .debug_abbrev  0x00000638      0x1a9 timer.o
 .debug_abbrev  0x000007e1       0x14 c:/program files (x86)/atmel/avr tools/avr toolchain/bin/../lib/gcc/avr/4.6.2/avr6\libgcc.a(_divmodhi4.o)
 .debug_abbrev  0x000007f5       0x14 c:/program files (x86)/atmel/avr tools/avr toolchain/bin/../lib/gcc/avr/4.6.2/avr6\libgcc.a(_exit.o)
 .debug_abbrev  0x00000809       0x14 c:/program files (x86)/atmel/avr tools/avr toolchain/bin/../lib/gcc/avr/4.6.2/avr6\libgcc.a(_copy_data.o)
 .debug_abbrev  0x0000081d       0x14 c:/program files (x86)/atmel/avr tools/avr toolchain/bin/../lib/gcc/avr/4.6.2/avr6\libgcc.a(_clear_bss.o)
 .debug_abbrev  0x00000831       0x14 c:/program files (x86)/atmel/avr tools/avr toolchain/bin/../lib/gcc/avr/4.6.2/avr6\libgcc.a(_udivmodhi4.o)
 .debug_abbrev  0x00000845       0xf5 c:/program files (x86)/atmel/avr tools/avr toolchain/bin/../lib/gcc/avr/4.6.2/../../../../avr/lib/avr6\libc.a(malloc.o)
 .debug_abbrev  0x0000093a       0x75 c:/program files (x86)/atmel/avr tools/avr toolchain/bin/../lib/gcc/avr/4.6.2/../../../../avr/lib/avr6\libc.a(strtok.o)
 .debug_abbrev  0x000009af       0xe8 c:/program files (x86)/atmel/avr tools/avr toolchain/bin/../lib/gcc/avr/4.6.2/../../../../avr/lib/avr6\libc.a(fgets.o)
 .debug_abbrev  0x00000a97       0xc5 c:/program files (x86)/atmel/avr tools/avr toolchain/bin/../lib/gcc/avr/4.6.2/../../../../avr/lib/avr6\libc.a(iob.o)
 .debug_abbrev  0x00000b5c      0x11c c:/program files (x86)/atmel/avr tools/avr toolchain/bin/../lib/gcc/avr/4.6.2/../../../../avr/lib/avr6\libc.a(printf.o)
 .debug_abbrev  0x00000c78       0xeb c:/program files (x86)/atmel/avr tools/avr toolchain/bin/../lib/gcc/avr/4.6.2/../../../../avr/lib/avr6\libc.a(putchar.o)
 .debug_abbrev  0x00000d63      0x101 c:/program files (x86)/atmel/avr tools/avr toolchain/bin/../lib/gcc/avr/4.6.2/../../../../avr/lib/avr6\libc.a(puts.o)
 .debug_abbrev  0x00000e64      0x161 c:/program files (x86)/atmel/avr tools/avr toolchain/bin/../lib/gcc/avr/4.6.2/../../../../avr/lib/avr6\libc.a(vfprintf_std.o)
 .debug_abbrev  0x00000fc5       0xd9 c:/program files (x86)/atmel/avr tools/avr toolchain/bin/../lib/gcc/avr/4.6.2/../../../../avr/lib/avr6\libc.a(fgetc.o)
 .debug_abbrev  0x0000109e       0xd9 c:/program files (x86)/atmel/avr tools/avr toolchain/bin/../lib/gcc/avr/4.6.2/../../../../avr/lib/avr6\libc.a(fputc.o)

.debug_line     0x00000000     0x13c8
 *(.debug_line)
 .debug_line    0x00000000       0xfa app.o
 .debug_line    0x000000fa       0x98 list.o
 .debug_line    0x00000192       0xd3 main.o
 .debug_line    0x00000265       0x55 queue.o
 .debug_line    0x000002ba      0x18c uart.o
 .debug_line    0x00000446      0x11b timer.o
 .debug_line    0x00000561       0x99 c:/program files (x86)/atmel/avr tools/avr toolchain/bin/../lib/gcc/avr/4.6.2/avr6\libgcc.a(_divmodhi4.o)
 .debug_line    0x000005fa       0x88 c:/program files (x86)/atmel/avr tools/avr toolchain/bin/../lib/gcc/avr/4.6.2/avr6\libgcc.a(_exit.o)
 .debug_line    0x00000682       0x96 c:/program files (x86)/atmel/avr tools/avr toolchain/bin/../lib/gcc/avr/4.6.2/avr6\libgcc.a(_copy_data.o)
 .debug_line    0x00000718       0x8e c:/program files (x86)/atmel/avr tools/avr toolchain/bin/../lib/gcc/avr/4.6.2/avr6\libgcc.a(_clear_bss.o)
 .debug_line    0x000007a6       0x9a c:/program files (x86)/atmel/avr tools/avr toolchain/bin/../lib/gcc/avr/4.6.2/avr6\libgcc.a(_udivmodhi4.o)
 .debug_line    0x00000840      0x1d3 c:/program files (x86)/atmel/avr tools/avr toolchain/bin/../lib/gcc/avr/4.6.2/../../../../avr/lib/avr6\libc.a(malloc.o)
 .debug_line    0x00000a13       0x80 c:/program files (x86)/atmel/avr tools/avr toolchain/bin/../lib/gcc/avr/4.6.2/../../../../avr/lib/avr6\libc.a(strtok.o)
 .debug_line    0x00000a93       0xef c:/program files (x86)/atmel/avr tools/avr toolchain/bin/../lib/gcc/avr/4.6.2/../../../../avr/lib/avr6\libc.a(fgets.o)
 .debug_line    0x00000b82       0xc7 c:/program files (x86)/atmel/avr tools/avr toolchain/bin/../lib/gcc/avr/4.6.2/../../../../avr/lib/avr6\libc.a(iob.o)
 .debug_line    0x00000c49      0x151 c:/program files (x86)/atmel/avr tools/avr toolchain/bin/../lib/gcc/avr/4.6.2/../../../../avr/lib/avr6\libc.a(printf.o)
 .debug_line    0x00000d9a       0xdc c:/program files (x86)/atmel/avr tools/avr toolchain/bin/../lib/gcc/avr/4.6.2/../../../../avr/lib/avr6\libc.a(putchar.o)
 .debug_line    0x00000e76       0xec c:/program files (x86)/atmel/avr tools/avr toolchain/bin/../lib/gcc/avr/4.6.2/../../../../avr/lib/avr6\libc.a(puts.o)
 .debug_line    0x00000f62      0x291 c:/program files (x86)/atmel/avr tools/avr toolchain/bin/../lib/gcc/avr/4.6.2/../../../../avr/lib/avr6\libc.a(vfprintf_std.o)
 .debug_line    0x000011f3       0xf4 c:/program files (x86)/atmel/avr tools/avr toolchain/bin/../lib/gcc/avr/4.6.2/../../../../avr/lib/avr6\libc.a(fgetc.o)
 .debug_line    0x000012e7       0xe1 c:/program files (x86)/atmel/avr tools/avr toolchain/bin/../lib/gcc/avr/4.6.2/../../../../avr/lib/avr6\libc.a(fputc.o)

.debug_frame    0x00000000      0x61c
 *(.debug_frame)
 .debug_frame   0x00000000       0xac app.o
 .debug_frame   0x000000ac       0xb0 list.o
 .debug_frame   0x0000015c       0x34 main.o
 .debug_frame   0x00000190       0x64 queue.o
 .debug_frame   0x000001f4      0x118 uart.o
 .debug_frame   0x0000030c       0xd0 timer.o
 .debug_frame   0x000003dc       0x54 c:/program files (x86)/atmel/avr tools/avr toolchain/bin/../lib/gcc/avr/4.6.2/../../../../avr/lib/avr6\libc.a(malloc.o)
 .debug_frame   0x00000430       0x24 c:/program files (x86)/atmel/avr tools/avr toolchain/bin/../lib/gcc/avr/4.6.2/../../../../avr/lib/avr6\libc.a(strtok.o)
 .debug_frame   0x00000454       0x4c c:/program files (x86)/atmel/avr tools/avr toolchain/bin/../lib/gcc/avr/4.6.2/../../../../avr/lib/avr6\libc.a(fgets.o)
 .debug_frame   0x000004a0       0x34 c:/program files (x86)/atmel/avr tools/avr toolchain/bin/../lib/gcc/avr/4.6.2/../../../../avr/lib/avr6\libc.a(printf.o)
 .debug_frame   0x000004d4       0x24 c:/program files (x86)/atmel/avr tools/avr toolchain/bin/../lib/gcc/avr/4.6.2/../../../../avr/lib/avr6\libc.a(putchar.o)
 .debug_frame   0x000004f8       0x38 c:/program files (x86)/atmel/avr tools/avr toolchain/bin/../lib/gcc/avr/4.6.2/../../../../avr/lib/avr6\libc.a(puts.o)
 .debug_frame   0x00000530       0x84 c:/program files (x86)/atmel/avr tools/avr toolchain/bin/../lib/gcc/avr/4.6.2/../../../../avr/lib/avr6\libc.a(vfprintf_std.o)
 .debug_frame   0x000005b4       0x30 c:/program files (x86)/atmel/avr tools/avr toolchain/bin/../lib/gcc/avr/4.6.2/../../../../avr/lib/avr6\libc.a(fgetc.o)
 .debug_frame   0x000005e4       0x38 c:/program files (x86)/atmel/avr tools/avr toolchain/bin/../lib/gcc/avr/4.6.2/../../../../avr/lib/avr6\libc.a(fputc.o)

.debug_str      0x00000000      0x6e7
 *(.debug_str)
 .debug_str     0x00000000       0xc9 app.o
                                0x10c (size before relaxing)
 .debug_str     0x000000c9       0x69 list.o
                                0x11e (size before relaxing)
 .debug_str     0x00000132        0xf main.o
                                 0xe1 (size before relaxing)
 .debug_str     0x00000141       0x3a queue.o
                                 0xe0 (size before relaxing)
 .debug_str     0x0000017b       0xc5 uart.o
                                0x197 (size before relaxing)
 .debug_str     0x00000240       0x5d timer.o
                                0x13a (size before relaxing)
 .debug_str     0x0000029d       0xf2 c:/program files (x86)/atmel/avr tools/avr toolchain/bin/../lib/gcc/avr/4.6.2/../../../../avr/lib/avr6\libc.a(malloc.o)
                                0x16a (size before relaxing)
 .debug_str     0x0000038f       0x5f c:/program files (x86)/atmel/avr tools/avr toolchain/bin/../lib/gcc/avr/4.6.2/../../../../avr/lib/avr6\libc.a(strtok.o)
                                 0x7d (size before relaxing)
 .debug_str     0x000003ee       0x56 c:/program files (x86)/atmel/avr tools/avr toolchain/bin/../lib/gcc/avr/4.6.2/../../../../avr/lib/avr6\libc.a(fgets.o)
                                 0xfb (size before relaxing)
 .debug_str     0x00000444       0x4e c:/program files (x86)/atmel/avr tools/avr toolchain/bin/../lib/gcc/avr/4.6.2/../../../../avr/lib/avr6\libc.a(iob.o)
                                 0xf2 (size before relaxing)
 .debug_str     0x00000492       0x72 c:/program files (x86)/atmel/avr tools/avr toolchain/bin/../lib/gcc/avr/4.6.2/../../../../avr/lib/avr6\libc.a(printf.o)
                                0x125 (size before relaxing)
 .debug_str     0x00000504       0x52 c:/program files (x86)/atmel/avr tools/avr toolchain/bin/../lib/gcc/avr/4.6.2/../../../../avr/lib/avr6\libc.a(putchar.o)
                                 0xfe (size before relaxing)
 .debug_str     0x00000556       0x54 c:/program files (x86)/atmel/avr tools/avr toolchain/bin/../lib/gcc/avr/4.6.2/../../../../avr/lib/avr6\libc.a(puts.o)
                                 0xf8 (size before relaxing)
 .debug_str     0x000005aa       0x91 c:/program files (x86)/atmel/avr tools/avr toolchain/bin/../lib/gcc/avr/4.6.2/../../../../avr/lib/avr6\libc.a(vfprintf_std.o)
                                0x16b (size before relaxing)
 .debug_str     0x0000063b       0x56 c:/program files (x86)/atmel/avr tools/avr toolchain/bin/../lib/gcc/avr/4.6.2/../../../../avr/lib/avr6\libc.a(fgetc.o)
                                 0xfb (size before relaxing)
 .debug_str     0x00000691       0x56 c:/program files (x86)/atmel/avr tools/avr toolchain/bin/../lib/gcc/avr/4.6.2/../../../../avr/lib/avr6\libc.a(fputc.o)
                                 0xfb (size before relaxing)

.debug_loc      0x00000000     0x184c
 *(.debug_loc)
 .debug_loc     0x00000000      0x2cb app.o
 .debug_loc     0x000002cb      0x195 list.o
 .debug_loc     0x00000460       0x8c main.o
 .debug_loc     0x000004ec       0x3c queue.o
 .debug_loc     0x00000528      0x2ba uart.o
 .debug_loc     0x000007e2      0x297 timer.o
 .debug_loc     0x00000a79      0x421 c:/program files (x86)/atmel/avr tools/avr toolchain/bin/../lib/gcc/avr/4.6.2/../../../../avr/lib/avr6\libc.a(malloc.o)
 .debug_loc     0x00000e9a       0x30 c:/program files (x86)/atmel/avr tools/avr toolchain/bin/../lib/gcc/avr/4.6.2/../../../../avr/lib/avr6\libc.a(strtok.o)
 .debug_loc     0x00000eca      0x13e c:/program files (x86)/atmel/avr tools/avr toolchain/bin/../lib/gcc/avr/4.6.2/../../../../avr/lib/avr6\libc.a(fgets.o)
 .debug_loc     0x00001008       0x3b c:/program files (x86)/atmel/avr tools/avr toolchain/bin/../lib/gcc/avr/4.6.2/../../../../avr/lib/avr6\libc.a(printf.o)
 .debug_loc     0x00001043       0x18 c:/program files (x86)/atmel/avr tools/avr toolchain/bin/../lib/gcc/avr/4.6.2/../../../../avr/lib/avr6\libc.a(putchar.o)
 .debug_loc     0x0000105b       0xe0 c:/program files (x86)/atmel/avr tools/avr toolchain/bin/../lib/gcc/avr/4.6.2/../../../../avr/lib/avr6\libc.a(puts.o)
 .debug_loc     0x0000113b      0x5e9 c:/program files (x86)/atmel/avr tools/avr toolchain/bin/../lib/gcc/avr/4.6.2/../../../../avr/lib/avr6\libc.a(vfprintf_std.o)
 .debug_loc     0x00001724       0x8f c:/program files (x86)/atmel/avr tools/avr toolchain/bin/../lib/gcc/avr/4.6.2/../../../../avr/lib/avr6\libc.a(fgetc.o)
 .debug_loc     0x000017b3       0x99 c:/program files (x86)/atmel/avr tools/avr toolchain/bin/../lib/gcc/avr/4.6.2/../../../../avr/lib/avr6\libc.a(fputc.o)

.debug_macinfo
 *(.debug_macinfo)
OUTPUT(project10.elf elf32-avr)
LOAD linker stubs

.debug_ranges   0x00000000       0xa8
 .debug_ranges  0x00000000       0x10 main.o
 .debug_ranges  0x00000010       0x18 c:/program files (x86)/atmel/avr tools/avr toolchain/bin/../lib/gcc/avr/4.6.2/../../../../avr/lib/avr6\libc.a(malloc.o)
 .debug_ranges  0x00000028       0x10 c:/program files (x86)/atmel/avr tools/avr toolchain/bin/../lib/gcc/avr/4.6.2/../../../../avr/lib/avr6\libc.a(strtok.o)
 .debug_ranges  0x00000038       0x10 c:/program files (x86)/atmel/avr tools/avr toolchain/bin/../lib/gcc/avr/4.6.2/../../../../avr/lib/avr6\libc.a(fgets.o)
 .debug_ranges  0x00000048       0x10 c:/program files (x86)/atmel/avr tools/avr toolchain/bin/../lib/gcc/avr/4.6.2/../../../../avr/lib/avr6\libc.a(printf.o)
 .debug_ranges  0x00000058       0x10 c:/program files (x86)/atmel/avr tools/avr toolchain/bin/../lib/gcc/avr/4.6.2/../../../../avr/lib/avr6\libc.a(putchar.o)
 .debug_ranges  0x00000068       0x10 c:/program files (x86)/atmel/avr tools/avr toolchain/bin/../lib/gcc/avr/4.6.2/../../../../avr/lib/avr6\libc.a(puts.o)
 .debug_ranges  0x00000078       0x10 c:/program files (x86)/atmel/avr tools/avr toolchain/bin/../lib/gcc/avr/4.6.2/../../../../avr/lib/avr6\libc.a(vfprintf_std.o)
 .debug_ranges  0x00000088       0x10 c:/program files (x86)/atmel/avr tools/avr toolchain/bin/../lib/gcc/avr/4.6.2/../../../../avr/lib/avr6\libc.a(fgetc.o)
 .debug_ranges  0x00000098       0x10 c:/program files (x86)/atmel/avr tools/avr toolchain/bin/../lib/gcc/avr/4.6.2/../../../../avr/lib/avr6\libc.a(fputc.o)
