Archive member included because of file (symbol)

c:/program files (x86)/atmel/avr tools/avr toolchain/bin/../lib/gcc/avr/4.6.2/avr6\libgcc.a(_divmodhi4.o)
                              app.o (__divmodhi4)
c:/program files (x86)/atmel/avr tools/avr toolchain/bin/../lib/gcc/avr/4.6.2/avr6\libgcc.a(_exit.o)
                              c:/program files (x86)/atmel/avr tools/avr toolchain/bin/../lib/gcc/avr/4.6.2/../../../../avr/lib/avr6/crtm2560.o (exit)
c:/program files (x86)/atmel/avr tools/avr toolchain/bin/../lib/gcc/avr/4.6.2/avr6\libgcc.a(_copy_data.o)
                              app.o (__do_copy_data)
c:/program files (x86)/atmel/avr tools/avr toolchain/bin/../lib/gcc/avr/4.6.2/avr6\libgcc.a(_clear_bss.o)
                              app.o (__do_clear_bss)
c:/program files (x86)/atmel/avr tools/avr toolchain/bin/../lib/gcc/avr/4.6.2/avr6\libgcc.a(_udivmodhi4.o)
                              c:/program files (x86)/atmel/avr tools/avr toolchain/bin/../lib/gcc/avr/4.6.2/avr6\libgcc.a(_divmodhi4.o) (__udivmodhi4)
c:/program files (x86)/atmel/avr tools/avr toolchain/bin/../lib/gcc/avr/4.6.2/../../../../avr/lib/avr6\libc.a(malloc.o)
                              timer.o (malloc)
c:/program files (x86)/atmel/avr tools/avr toolchain/bin/../lib/gcc/avr/4.6.2/../../../../avr/lib/avr6\libc.a(atoi.o)
                              app.o (atoi)
c:/program files (x86)/atmel/avr tools/avr toolchain/bin/../lib/gcc/avr/4.6.2/../../../../avr/lib/avr6\libc.a(strtok.o)
                              task.o (strtok)
c:/program files (x86)/atmel/avr tools/avr toolchain/bin/../lib/gcc/avr/4.6.2/../../../../avr/lib/avr6\libc.a(strcmp.o)
                              task.o (strcmp)
c:/program files (x86)/atmel/avr tools/avr toolchain/bin/../lib/gcc/avr/4.6.2/../../../../avr/lib/avr6\libc.a(strcpy.o)
                              task.o (strcpy)
c:/program files (x86)/atmel/avr tools/avr toolchain/bin/../lib/gcc/avr/4.6.2/../../../../avr/lib/avr6\libc.a(strtok_r.o)
                              c:/program files (x86)/atmel/avr tools/avr toolchain/bin/../lib/gcc/avr/4.6.2/../../../../avr/lib/avr6\libc.a(strtok.o) (strtok_r)
c:/program files (x86)/atmel/avr tools/avr toolchain/bin/../lib/gcc/avr/4.6.2/../../../../avr/lib/avr6\libc.a(mul10.o)
                              c:/program files (x86)/atmel/avr tools/avr toolchain/bin/../lib/gcc/avr/4.6.2/../../../../avr/lib/avr6\libc.a(atoi.o) (__mulhi_const_10)
c:/program files (x86)/atmel/avr tools/avr toolchain/bin/../lib/gcc/avr/4.6.2/../../../../avr/lib/avr6\libc.a(fgets.o)
                              app.o (fgets)
c:/program files (x86)/atmel/avr tools/avr toolchain/bin/../lib/gcc/avr/4.6.2/../../../../avr/lib/avr6\libc.a(gets.o)
                              task.o (gets)
c:/program files (x86)/atmel/avr tools/avr toolchain/bin/../lib/gcc/avr/4.6.2/../../../../avr/lib/avr6\libc.a(iob.o)
                              app.o (__iob)
c:/program files (x86)/atmel/avr tools/avr toolchain/bin/../lib/gcc/avr/4.6.2/../../../../avr/lib/avr6\libc.a(printf.o)
                              app.o (printf)
c:/program files (x86)/atmel/avr tools/avr toolchain/bin/../lib/gcc/avr/4.6.2/../../../../avr/lib/avr6\libc.a(putchar.o)
                              timer.o (putchar)
c:/program files (x86)/atmel/avr tools/avr toolchain/bin/../lib/gcc/avr/4.6.2/../../../../avr/lib/avr6\libc.a(puts.o)
                              app.o (puts)
c:/program files (x86)/atmel/avr tools/avr toolchain/bin/../lib/gcc/avr/4.6.2/../../../../avr/lib/avr6\libc.a(sprintf.o)
                              led.o (sprintf)
c:/program files (x86)/atmel/avr tools/avr toolchain/bin/../lib/gcc/avr/4.6.2/../../../../avr/lib/avr6\libc.a(vfprintf_std.o)
                              c:/program files (x86)/atmel/avr tools/avr toolchain/bin/../lib/gcc/avr/4.6.2/../../../../avr/lib/avr6\libc.a(printf.o) (vfprintf)
c:/program files (x86)/atmel/avr tools/avr toolchain/bin/../lib/gcc/avr/4.6.2/../../../../avr/lib/avr6\libc.a(strnlen_P.o)
                              c:/program files (x86)/atmel/avr tools/avr toolchain/bin/../lib/gcc/avr/4.6.2/../../../../avr/lib/avr6\libc.a(vfprintf_std.o) (strnlen_P)
c:/program files (x86)/atmel/avr tools/avr toolchain/bin/../lib/gcc/avr/4.6.2/../../../../avr/lib/avr6\libc.a(strnlen.o)
                              c:/program files (x86)/atmel/avr tools/avr toolchain/bin/../lib/gcc/avr/4.6.2/../../../../avr/lib/avr6\libc.a(vfprintf_std.o) (strnlen)
c:/program files (x86)/atmel/avr tools/avr toolchain/bin/../lib/gcc/avr/4.6.2/../../../../avr/lib/avr6\libc.a(fgetc.o)
                              c:/program files (x86)/atmel/avr tools/avr toolchain/bin/../lib/gcc/avr/4.6.2/../../../../avr/lib/avr6\libc.a(fgets.o) (fgetc)
c:/program files (x86)/atmel/avr tools/avr toolchain/bin/../lib/gcc/avr/4.6.2/../../../../avr/lib/avr6\libc.a(fputc.o)
                              c:/program files (x86)/atmel/avr tools/avr toolchain/bin/../lib/gcc/avr/4.6.2/../../../../avr/lib/avr6\libc.a(putchar.o) (fputc)
c:/program files (x86)/atmel/avr tools/avr toolchain/bin/../lib/gcc/avr/4.6.2/../../../../avr/lib/avr6\libc.a(ultoa_invert.o)
                              c:/program files (x86)/atmel/avr tools/avr toolchain/bin/../lib/gcc/avr/4.6.2/../../../../avr/lib/avr6\libc.a(vfprintf_std.o) (__ultoa_invert)

Allocating common symbols
Common symbol       size              file

fi                  0x2               queue.o
__brkval            0x2               c:/program files (x86)/atmel/avr tools/avr toolchain/bin/../lib/gcc/avr/4.6.2/../../../../avr/lib/avr6\libc.a(malloc.o)
qo                  0x100             queue.o
uart_busy           0x1               uart.o
Task_r              0x2               task.o
exe_time            0x2               main.o
fo                  0x2               queue.o
ro                  0x2               queue.o
ri                  0x2               queue.o
Task_q              0xa0              task.o
__flp               0x2               c:/program files (x86)/atmel/avr tools/avr toolchain/bin/../lib/gcc/avr/4.6.2/../../../../avr/lib/avr6\libc.a(malloc.o)
__iob               0x6               c:/program files (x86)/atmel/avr tools/avr toolchain/bin/../lib/gcc/avr/4.6.2/../../../../avr/lib/avr6\libc.a(iob.o)
Task_f              0x2               task.o
qi                  0x100             queue.o

Memory Configuration

Name             Origin             Length             Attributes
text             0x00000000         0x00100000         xr
data             0x00800200         0x0000fe00         rw !x
eeprom           0x00810000         0x00010000         rw !x
fuse             0x00820000         0x00000400         rw !x
lock             0x00830000         0x00000400         rw !x
signature        0x00840000         0x00000400         rw !x
*default*        0x00000000         0xffffffff

Linker script and memory map

Address of section .data set to 0x800200
LOAD c:/program files (x86)/atmel/avr tools/avr toolchain/bin/../lib/gcc/avr/4.6.2/../../../../avr/lib/avr6/crtm2560.o
LOAD app.o
LOAD led.o
LOAD list.o
LOAD main.o
LOAD project11.o
LOAD queue.o
LOAD task.o
LOAD timer.o
LOAD uart.o
LOAD c:/program files (x86)/atmel/avr tools/avr toolchain/bin/../lib/gcc/avr/4.6.2/avr6\libgcc.a
LOAD c:/program files (x86)/atmel/avr tools/avr toolchain/bin/../lib/gcc/avr/4.6.2/../../../../avr/lib/avr6\libc.a
LOAD c:/program files (x86)/atmel/avr tools/avr toolchain/bin/../lib/gcc/avr/4.6.2/avr6\libgcc.a

.hash
 *(.hash)

.dynsym
 *(.dynsym)

.dynstr
 *(.dynstr)

.gnu.version
 *(.gnu.version)

.gnu.version_d
 *(.gnu.version_d)

.gnu.version_r
 *(.gnu.version_r)

.rel.init
 *(.rel.init)

.rela.init
 *(.rela.init)

.rel.text
 *(.rel.text)
 *(.rel.text.*)
 *(.rel.gnu.linkonce.t*)

.rela.text
 *(.rela.text)
 *(.rela.text.*)
 *(.rela.gnu.linkonce.t*)

.rel.fini
 *(.rel.fini)

.rela.fini
 *(.rela.fini)

.rel.rodata
 *(.rel.rodata)
 *(.rel.rodata.*)
 *(.rel.gnu.linkonce.r*)

.rela.rodata
 *(.rela.rodata)
 *(.rela.rodata.*)
 *(.rela.gnu.linkonce.r*)

.rel.data
 *(.rel.data)
 *(.rel.data.*)
 *(.rel.gnu.linkonce.d*)

.rela.data
 *(.rela.data)
 *(.rela.data.*)
 *(.rela.gnu.linkonce.d*)

.rel.ctors
 *(.rel.ctors)

.rela.ctors
 *(.rela.ctors)

.rel.dtors
 *(.rel.dtors)

.rela.dtors
 *(.rela.dtors)

.rel.got
 *(.rel.got)

.rela.got
 *(.rela.got)

.rel.bss
 *(.rel.bss)

.rela.bss
 *(.rela.bss)

.rel.plt
 *(.rel.plt)

.rela.plt
 *(.rela.plt)

.text           0x00000000     0x17a2
 *(.vectors)
 .vectors       0x00000000       0xe4 c:/program files (x86)/atmel/avr tools/avr toolchain/bin/../lib/gcc/avr/4.6.2/../../../../avr/lib/avr6/crtm2560.o
                0x00000000                __vector_default
                0x00000000                __vectors
 *(.vectors)
 *(.progmem.gcc*)
 *(.progmem*)
                0x000000e4                . = ALIGN (0x2)
                0x000000e4                __trampolines_start = .
 *(.trampolines)
 .trampolines   0x000000e4        0x0 linker stubs
 *(.trampolines*)
                0x000000e4                __trampolines_end = .
 *(.jumptables)
 *(.jumptables*)
 *(.lowtext)
 *(.lowtext*)
                0x000000e4                __ctors_start = .
 *(.ctors)
                0x000000e4                __ctors_end = .
                0x000000e4                __dtors_start = .
 *(.dtors)
                0x000000e4                __dtors_end = .
 SORT(*)(.ctors)
 SORT(*)(.dtors)
 *(.init0)
 .init0         0x000000e4        0x0 c:/program files (x86)/atmel/avr tools/avr toolchain/bin/../lib/gcc/avr/4.6.2/../../../../avr/lib/avr6/crtm2560.o
                0x000000e4                __init
 *(.init0)
 *(.init1)
 *(.init1)
 *(.init2)
 .init2         0x000000e4       0x10 c:/program files (x86)/atmel/avr tools/avr toolchain/bin/../lib/gcc/avr/4.6.2/../../../../avr/lib/avr6/crtm2560.o
 *(.init2)
 *(.init3)
 *(.init3)
 *(.init4)
 .init4         0x000000f4       0x1c c:/program files (x86)/atmel/avr tools/avr toolchain/bin/../lib/gcc/avr/4.6.2/avr6\libgcc.a(_copy_data.o)
                0x000000f4                __do_copy_data
 .init4         0x00000110       0x10 c:/program files (x86)/atmel/avr tools/avr toolchain/bin/../lib/gcc/avr/4.6.2/avr6\libgcc.a(_clear_bss.o)
                0x00000110                __do_clear_bss
 *(.init4)
 *(.init5)
 *(.init5)
 *(.init6)
 *(.init6)
 *(.init7)
 *(.init7)
 *(.init8)
 *(.init8)
 *(.init9)
 .init9         0x00000120        0x8 c:/program files (x86)/atmel/avr tools/avr toolchain/bin/../lib/gcc/avr/4.6.2/../../../../avr/lib/avr6/crtm2560.o
 *(.init9)
 *(.text)
 .text          0x00000128        0x4 c:/program files (x86)/atmel/avr tools/avr toolchain/bin/../lib/gcc/avr/4.6.2/../../../../avr/lib/avr6/crtm2560.o
                0x00000128                __vector_38
                0x00000128                __vector_22
                0x00000128                __vector_28
                0x00000128                __vector_1
                0x00000128                __vector_32
                0x00000128                __vector_34
                0x00000128                __vector_24
                0x00000128                __vector_12
                0x00000128                __vector_55
                0x00000128                __vector_46
                0x00000128                __bad_interrupt
                0x00000128                __vector_6
                0x00000128                __vector_31
                0x00000128                __vector_35
                0x00000128                __vector_39
                0x00000128                __vector_3
                0x00000128                __vector_23
                0x00000128                __vector_30
                0x00000128                __vector_45
                0x00000128                __vector_11
                0x00000128                __vector_54
                0x00000128                __vector_13
                0x00000128                __vector_17
                0x00000128                __vector_19
                0x00000128                __vector_56
                0x00000128                __vector_7
                0x00000128                __vector_49
                0x00000128                __vector_41
                0x00000128                __vector_43
                0x00000128                __vector_5
                0x00000128                __vector_33
                0x00000128                __vector_47
                0x00000128                __vector_52
                0x00000128                __vector_37
                0x00000128                __vector_4
                0x00000128                __vector_44
                0x00000128                __vector_51
                0x00000128                __vector_9
                0x00000128                __vector_2
                0x00000128                __vector_21
                0x00000128                __vector_36
                0x00000128                __vector_29
                0x00000128                __vector_40
                0x00000128                __vector_8
                0x00000128                __vector_26
                0x00000128                __vector_48
                0x00000128                __vector_14
                0x00000128                __vector_53
                0x00000128                __vector_10
                0x00000128                __vector_50
                0x00000128                __vector_16
                0x00000128                __vector_18
                0x00000128                __vector_20
                0x00000128                __vector_42
 .text          0x0000012c      0x1b4 app.o
                0x0000012c                is_prime
                0x00000168                app_prime
                0x000001f8                app_timer
                0x00000276                app_time
 .text          0x000002e0      0x130 led.o
                0x000002e0                led_init
                0x000002ec                led_on_all
                0x000002f6                led_off_all
                0x00000302                task_led
                0x000003c6                led_on
                0x000003e6                led_off
                0x00000404                led_set
 .text          0x00000410        0x0 list.o
 .text          0x00000410        0x0 main.o
 .text          0x00000410        0x0 project11.o
 .text          0x00000410      0x11e queue.o
                0x00000410                q_init
                0x00000432                qi_insert
                0x00000476                qi_delete
                0x000004b0                qo_insert
                0x000004f4                qo_delete
 .text          0x0000052e      0x2f6 task.o
                0x0000052e                task_prime
                0x000005ce                task_init
                0x000005e0                task_insert
                0x00000660                task_delete
                0x000006ca                task_cmd
 .text          0x00000824      0x264 timer.o
                0x00000824                timer_init
                0x0000084e                tour_timer
                0x000008d2                free_timer
                0x000008f4                get_timer
                0x000008fe                insert_timer
                0x000009e4                timer_expire
                0x00000a1e                __vector_15
 .text          0x00000a88      0x1e0 uart.o
                0x00000a88                uart_getchar
                0x00000aa2                uart_putchar
                0x00000ae6                uart_init
                0x00000b38                uart_echo
                0x00000b64                __vector_27
                0x00000bc2                __vector_25
 .text          0x00000c68        0x0 c:/program files (x86)/atmel/avr tools/avr toolchain/bin/../lib/gcc/avr/4.6.2/avr6\libgcc.a(_divmodhi4.o)
 .text          0x00000c68        0x0 c:/program files (x86)/atmel/avr tools/avr toolchain/bin/../lib/gcc/avr/4.6.2/avr6\libgcc.a(_exit.o)
 .text          0x00000c68        0x0 c:/program files (x86)/atmel/avr tools/avr toolchain/bin/../lib/gcc/avr/4.6.2/avr6\libgcc.a(_copy_data.o)
 .text          0x00000c68        0x0 c:/program files (x86)/atmel/avr tools/avr toolchain/bin/../lib/gcc/avr/4.6.2/avr6\libgcc.a(_clear_bss.o)
 .text          0x00000c68        0x0 c:/program files (x86)/atmel/avr tools/avr toolchain/bin/../lib/gcc/avr/4.6.2/avr6\libgcc.a(_udivmodhi4.o)
 .text          0x00000c68        0x0 c:/program files (x86)/atmel/avr tools/avr toolchain/bin/../lib/gcc/avr/4.6.2/../../../../avr/lib/avr6\libc.a(malloc.o)
 .text          0x00000c68        0x0 c:/program files (x86)/atmel/avr tools/avr toolchain/bin/../lib/gcc/avr/4.6.2/../../../../avr/lib/avr6\libc.a(atoi.o)
 .text          0x00000c68        0x0 c:/program files (x86)/atmel/avr tools/avr toolchain/bin/../lib/gcc/avr/4.6.2/../../../../avr/lib/avr6\libc.a(strtok.o)
 .text          0x00000c68        0x0 c:/program files (x86)/atmel/avr tools/avr toolchain/bin/../lib/gcc/avr/4.6.2/../../../../avr/lib/avr6\libc.a(strcmp.o)
 .text          0x00000c68        0x0 c:/program files (x86)/atmel/avr tools/avr toolchain/bin/../lib/gcc/avr/4.6.2/../../../../avr/lib/avr6\libc.a(strcpy.o)
 .text          0x00000c68        0x0 c:/program files (x86)/atmel/avr tools/avr toolchain/bin/../lib/gcc/avr/4.6.2/../../../../avr/lib/avr6\libc.a(strtok_r.o)
 .text          0x00000c68        0x0 c:/program files (x86)/atmel/avr tools/avr toolchain/bin/../lib/gcc/avr/4.6.2/../../../../avr/lib/avr6\libc.a(mul10.o)
 .text          0x00000c68        0x0 c:/program files (x86)/atmel/avr tools/avr toolchain/bin/../lib/gcc/avr/4.6.2/../../../../avr/lib/avr6\libc.a(fgets.o)
 .text          0x00000c68        0x0 c:/program files (x86)/atmel/avr tools/avr toolchain/bin/../lib/gcc/avr/4.6.2/../../../../avr/lib/avr6\libc.a(gets.o)
 .text          0x00000c68        0x0 c:/program files (x86)/atmel/avr tools/avr toolchain/bin/../lib/gcc/avr/4.6.2/../../../../avr/lib/avr6\libc.a(iob.o)
 .text          0x00000c68        0x0 c:/program files (x86)/atmel/avr tools/avr toolchain/bin/../lib/gcc/avr/4.6.2/../../../../avr/lib/avr6\libc.a(printf.o)
 .text          0x00000c68        0x0 c:/program files (x86)/atmel/avr tools/avr toolchain/bin/../lib/gcc/avr/4.6.2/../../../../avr/lib/avr6\libc.a(putchar.o)
 .text          0x00000c68        0x0 c:/program files (x86)/atmel/avr tools/avr toolchain/bin/../lib/gcc/avr/4.6.2/../../../../avr/lib/avr6\libc.a(puts.o)
 .text          0x00000c68        0x0 c:/program files (x86)/atmel/avr tools/avr toolchain/bin/../lib/gcc/avr/4.6.2/../../../../avr/lib/avr6\libc.a(sprintf.o)
 .text          0x00000c68        0x0 c:/program files (x86)/atmel/avr tools/avr toolchain/bin/../lib/gcc/avr/4.6.2/../../../../avr/lib/avr6\libc.a(vfprintf_std.o)
 .text          0x00000c68        0x0 c:/program files (x86)/atmel/avr tools/avr toolchain/bin/../lib/gcc/avr/4.6.2/../../../../avr/lib/avr6\libc.a(strnlen_P.o)
 .text          0x00000c68        0x0 c:/program files (x86)/atmel/avr tools/avr toolchain/bin/../lib/gcc/avr/4.6.2/../../../../avr/lib/avr6\libc.a(strnlen.o)
 .text          0x00000c68        0x0 c:/program files (x86)/atmel/avr tools/avr toolchain/bin/../lib/gcc/avr/4.6.2/../../../../avr/lib/avr6\libc.a(fgetc.o)
 .text          0x00000c68        0x0 c:/program files (x86)/atmel/avr tools/avr toolchain/bin/../lib/gcc/avr/4.6.2/../../../../avr/lib/avr6\libc.a(fputc.o)
 .text          0x00000c68        0x0 c:/program files (x86)/atmel/avr tools/avr toolchain/bin/../lib/gcc/avr/4.6.2/../../../../avr/lib/avr6\libc.a(ultoa_invert.o)
                0x00000c68                . = ALIGN (0x2)
 *(.text.*)
 .text.startup  0x00000c68       0x58 main.o
                0x00000c68                main
 .text.libgcc   0x00000cc0       0x26 c:/program files (x86)/atmel/avr tools/avr toolchain/bin/../lib/gcc/avr/4.6.2/avr6\libgcc.a(_divmodhi4.o)
                0x00000cc0                _div
                0x00000cc0                __divmodhi4
 .text.libgcc   0x00000ce6        0x0 c:/program files (x86)/atmel/avr tools/avr toolchain/bin/../lib/gcc/avr/4.6.2/avr6\libgcc.a(_exit.o)
 .text.libgcc   0x00000ce6        0x0 c:/program files (x86)/atmel/avr tools/avr toolchain/bin/../lib/gcc/avr/4.6.2/avr6\libgcc.a(_copy_data.o)
 .text.libgcc   0x00000ce6        0x0 c:/program files (x86)/atmel/avr tools/avr toolchain/bin/../lib/gcc/avr/4.6.2/avr6\libgcc.a(_clear_bss.o)
 .text.libgcc   0x00000ce6       0x28 c:/program files (x86)/atmel/avr tools/avr toolchain/bin/../lib/gcc/avr/4.6.2/avr6\libgcc.a(_udivmodhi4.o)
                0x00000ce6                __udivmodhi4
 .text.avr-libc
                0x00000d0e      0x25e c:/program files (x86)/atmel/avr tools/avr toolchain/bin/../lib/gcc/avr/4.6.2/../../../../avr/lib/avr6\libc.a(malloc.o)
                0x00000d0e                malloc
                0x00000e3a                free
 .text.avr-libc
                0x00000f6c       0x3c c:/program files (x86)/atmel/avr tools/avr toolchain/bin/../lib/gcc/avr/4.6.2/../../../../avr/lib/avr6\libc.a(atoi.o)
                0x00000f6c                atoi
 .text.avr-libc
                0x00000fa8        0xa c:/program files (x86)/atmel/avr tools/avr toolchain/bin/../lib/gcc/avr/4.6.2/../../../../avr/lib/avr6\libc.a(strtok.o)
                0x00000fa8                strtok
 .text.avr-libc
                0x00000fb2       0x12 c:/program files (x86)/atmel/avr tools/avr toolchain/bin/../lib/gcc/avr/4.6.2/../../../../avr/lib/avr6\libc.a(strcmp.o)
                0x00000fb2                strcmp
 .text.avr-libc
                0x00000fc4        0xe c:/program files (x86)/atmel/avr tools/avr toolchain/bin/../lib/gcc/avr/4.6.2/../../../../avr/lib/avr6\libc.a(strcpy.o)
                0x00000fc4                strcpy
 .text.avr-libc
                0x00000fd2       0x4e c:/program files (x86)/atmel/avr tools/avr toolchain/bin/../lib/gcc/avr/4.6.2/../../../../avr/lib/avr6\libc.a(strtok_r.o)
                0x00000fd2                strtok_r
 .text.avr-libc
                0x00001020       0x10 c:/program files (x86)/atmel/avr tools/avr toolchain/bin/../lib/gcc/avr/4.6.2/../../../../avr/lib/avr6\libc.a(mul10.o)
                0x00001020                __mulhi_const_10
 .text.avr-libc
                0x00001030       0x68 c:/program files (x86)/atmel/avr tools/avr toolchain/bin/../lib/gcc/avr/4.6.2/../../../../avr/lib/avr6\libc.a(fgets.o)
                0x00001030                fgets
 .text.avr-libc
                0x00001098       0x4c c:/program files (x86)/atmel/avr tools/avr toolchain/bin/../lib/gcc/avr/4.6.2/../../../../avr/lib/avr6\libc.a(gets.o)
                0x00001098                gets
 .text.avr-libc
                0x000010e4       0x24 c:/program files (x86)/atmel/avr tools/avr toolchain/bin/../lib/gcc/avr/4.6.2/../../../../avr/lib/avr6\libc.a(printf.o)
                0x000010e4                printf
 .text.avr-libc
                0x00001108        0xe c:/program files (x86)/atmel/avr tools/avr toolchain/bin/../lib/gcc/avr/4.6.2/../../../../avr/lib/avr6\libc.a(putchar.o)
                0x00001108                putchar
 .text.avr-libc
                0x00001116       0x5c c:/program files (x86)/atmel/avr tools/avr toolchain/bin/../lib/gcc/avr/4.6.2/../../../../avr/lib/avr6\libc.a(puts.o)
                0x00001116                puts
 .text.avr-libc
                0x00001172       0x5e c:/program files (x86)/atmel/avr tools/avr toolchain/bin/../lib/gcc/avr/4.6.2/../../../../avr/lib/avr6\libc.a(sprintf.o)
                0x00001172                sprintf
 .text.avr-libc
                0x000011d0      0x40e c:/program files (x86)/atmel/avr tools/avr toolchain/bin/../lib/gcc/avr/4.6.2/../../../../avr/lib/avr6\libc.a(vfprintf_std.o)
                0x000011d0                vfprintf
 .text.avr-libc
                0x000015de       0x16 c:/program files (x86)/atmel/avr tools/avr toolchain/bin/../lib/gcc/avr/4.6.2/../../../../avr/lib/avr6\libc.a(strnlen_P.o)
                0x000015de                strnlen_P
 .text.avr-libc
                0x000015f4       0x16 c:/program files (x86)/atmel/avr tools/avr toolchain/bin/../lib/gcc/avr/4.6.2/../../../../avr/lib/avr6\libc.a(strnlen.o)
                0x000015f4                strnlen
 .text.avr-libc
                0x0000160a       0x80 c:/program files (x86)/atmel/avr tools/avr toolchain/bin/../lib/gcc/avr/4.6.2/../../../../avr/lib/avr6\libc.a(fgetc.o)
                0x0000160a                fgetc
 .text.avr-libc
                0x0000168a       0x58 c:/program files (x86)/atmel/avr tools/avr toolchain/bin/../lib/gcc/avr/4.6.2/../../../../avr/lib/avr6\libc.a(fputc.o)
                0x0000168a                fputc
 .text.avr-libc
                0x000016e2       0xbc c:/program files (x86)/atmel/avr tools/avr toolchain/bin/../lib/gcc/avr/4.6.2/../../../../avr/lib/avr6\libc.a(ultoa_invert.o)
                0x000016e2                __ultoa_invert
                0x0000179e                . = ALIGN (0x2)
 *(.fini9)
 .fini9         0x0000179e        0x0 c:/program files (x86)/atmel/avr tools/avr toolchain/bin/../lib/gcc/avr/4.6.2/avr6\libgcc.a(_exit.o)
                0x0000179e                _exit
                0x0000179e                exit
 *(.fini9)
 *(.fini8)
 *(.fini8)
 *(.fini7)
 *(.fini7)
 *(.fini6)
 *(.fini6)
 *(.fini5)
 *(.fini5)
 *(.fini4)
 *(.fini4)
 *(.fini3)
 *(.fini3)
 *(.fini2)
 *(.fini2)
 *(.fini1)
 *(.fini1)
 *(.fini0)
 .fini0         0x0000179e        0x4 c:/program files (x86)/atmel/avr tools/avr toolchain/bin/../lib/gcc/avr/4.6.2/avr6\libgcc.a(_exit.o)
 *(.fini0)
                0x000017a2                _etext = .

.data           0x00800200       0xd0 load address 0x000017a2
                0x00800200                PROVIDE (__data_start, .)
 *(.data)
 .data          0x00800200        0x0 c:/program files (x86)/atmel/avr tools/avr toolchain/bin/../lib/gcc/avr/4.6.2/../../../../avr/lib/avr6/crtm2560.o
 .data          0x00800200       0x3f app.o
 .data          0x0080023f        0x3 led.o
 .data          0x00800242        0x0 list.o
 .data          0x00800242        0x3 main.o
 .data          0x00800245        0x0 project11.o
 .data          0x00800245        0x0 queue.o
 .data          0x00800245       0x5c task.o
 .data          0x008002a1        0xb timer.o
 .data          0x008002ac       0x1d uart.o
                0x008002ad                Mystdin
                0x008002bb                Mystdout
 .data          0x008002c9        0x0 c:/program files (x86)/atmel/avr tools/avr toolchain/bin/../lib/gcc/avr/4.6.2/avr6\libgcc.a(_divmodhi4.o)
 .data          0x008002c9        0x0 c:/program files (x86)/atmel/avr tools/avr toolchain/bin/../lib/gcc/avr/4.6.2/avr6\libgcc.a(_exit.o)
 .data          0x008002c9        0x0 c:/program files (x86)/atmel/avr tools/avr toolchain/bin/../lib/gcc/avr/4.6.2/avr6\libgcc.a(_copy_data.o)
 .data          0x008002c9        0x0 c:/program files (x86)/atmel/avr tools/avr toolchain/bin/../lib/gcc/avr/4.6.2/avr6\libgcc.a(_clear_bss.o)
 .data          0x008002c9        0x0 c:/program files (x86)/atmel/avr tools/avr toolchain/bin/../lib/gcc/avr/4.6.2/avr6\libgcc.a(_udivmodhi4.o)
 .data          0x008002c9        0x6 c:/program files (x86)/atmel/avr tools/avr toolchain/bin/../lib/gcc/avr/4.6.2/../../../../avr/lib/avr6\libc.a(malloc.o)
                0x008002c9                __malloc_heap_end
                0x008002cb                __malloc_heap_start
                0x008002cd                __malloc_margin
 .data          0x008002cf        0x0 c:/program files (x86)/atmel/avr tools/avr toolchain/bin/../lib/gcc/avr/4.6.2/../../../../avr/lib/avr6\libc.a(atoi.o)
 .data          0x008002cf        0x0 c:/program files (x86)/atmel/avr tools/avr toolchain/bin/../lib/gcc/avr/4.6.2/../../../../avr/lib/avr6\libc.a(strtok.o)
 .data          0x008002cf        0x0 c:/program files (x86)/atmel/avr tools/avr toolchain/bin/../lib/gcc/avr/4.6.2/../../../../avr/lib/avr6\libc.a(strcmp.o)
 .data          0x008002cf        0x0 c:/program files (x86)/atmel/avr tools/avr toolchain/bin/../lib/gcc/avr/4.6.2/../../../../avr/lib/avr6\libc.a(strcpy.o)
 .data          0x008002cf        0x0 c:/program files (x86)/atmel/avr tools/avr toolchain/bin/../lib/gcc/avr/4.6.2/../../../../avr/lib/avr6\libc.a(strtok_r.o)
 .data          0x008002cf        0x0 c:/program files (x86)/atmel/avr tools/avr toolchain/bin/../lib/gcc/avr/4.6.2/../../../../avr/lib/avr6\libc.a(mul10.o)
 .data          0x008002cf        0x0 c:/program files (x86)/atmel/avr tools/avr toolchain/bin/../lib/gcc/avr/4.6.2/../../../../avr/lib/avr6\libc.a(fgets.o)
 .data          0x008002cf        0x0 c:/program files (x86)/atmel/avr tools/avr toolchain/bin/../lib/gcc/avr/4.6.2/../../../../avr/lib/avr6\libc.a(gets.o)
 .data          0x008002cf        0x0 c:/program files (x86)/atmel/avr tools/avr toolchain/bin/../lib/gcc/avr/4.6.2/../../../../avr/lib/avr6\libc.a(iob.o)
 .data          0x008002cf        0x0 c:/program files (x86)/atmel/avr tools/avr toolchain/bin/../lib/gcc/avr/4.6.2/../../../../avr/lib/avr6\libc.a(printf.o)
 .data          0x008002cf        0x0 c:/program files (x86)/atmel/avr tools/avr toolchain/bin/../lib/gcc/avr/4.6.2/../../../../avr/lib/avr6\libc.a(putchar.o)
 .data          0x008002cf        0x0 c:/program files (x86)/atmel/avr tools/avr toolchain/bin/../lib/gcc/avr/4.6.2/../../../../avr/lib/avr6\libc.a(puts.o)
 .data          0x008002cf        0x0 c:/program files (x86)/atmel/avr tools/avr toolchain/bin/../lib/gcc/avr/4.6.2/../../../../avr/lib/avr6\libc.a(sprintf.o)
 .data          0x008002cf        0x0 c:/program files (x86)/atmel/avr tools/avr toolchain/bin/../lib/gcc/avr/4.6.2/../../../../avr/lib/avr6\libc.a(vfprintf_std.o)
 .data          0x008002cf        0x0 c:/program files (x86)/atmel/avr tools/avr toolchain/bin/../lib/gcc/avr/4.6.2/../../../../avr/lib/avr6\libc.a(strnlen_P.o)
 .data          0x008002cf        0x0 c:/program files (x86)/atmel/avr tools/avr toolchain/bin/../lib/gcc/avr/4.6.2/../../../../avr/lib/avr6\libc.a(strnlen.o)
 .data          0x008002cf        0x0 c:/program files (x86)/atmel/avr tools/avr toolchain/bin/../lib/gcc/avr/4.6.2/../../../../avr/lib/avr6\libc.a(fgetc.o)
 .data          0x008002cf        0x0 c:/program files (x86)/atmel/avr tools/avr toolchain/bin/../lib/gcc/avr/4.6.2/../../../../avr/lib/avr6\libc.a(fputc.o)
 .data          0x008002cf        0x0 c:/program files (x86)/atmel/avr tools/avr toolchain/bin/../lib/gcc/avr/4.6.2/../../../../avr/lib/avr6\libc.a(ultoa_invert.o)
 *(.data*)
 *(.rodata)
 *(.rodata*)
 *(.gnu.linkonce.d*)
                0x008002d0                . = ALIGN (0x2)
 *fill*         0x008002cf        0x1 00
                0x008002d0                _edata = .
                0x008002d0                PROVIDE (__data_end, .)

.bss            0x008002d0      0x2c0
                0x008002d0                PROVIDE (__bss_start, .)
 *(.bss)
 .bss           0x008002d0        0x0 c:/program files (x86)/atmel/avr tools/avr toolchain/bin/../lib/gcc/avr/4.6.2/../../../../avr/lib/avr6/crtm2560.o
 .bss           0x008002d0        0x0 app.o
 .bss           0x008002d0        0x3 led.o
 .bss           0x008002d3        0x0 list.o
 .bss           0x008002d3        0x0 main.o
 .bss           0x008002d3        0x0 project11.o
 .bss           0x008002d3        0x0 queue.o
 .bss           0x008002d3        0x0 task.o
 .bss           0x008002d3        0x2 timer.o
                0x008002d3                Thead
 .bss           0x008002d5        0x0 uart.o
 .bss           0x008002d5        0x0 c:/program files (x86)/atmel/avr tools/avr toolchain/bin/../lib/gcc/avr/4.6.2/avr6\libgcc.a(_divmodhi4.o)
 .bss           0x008002d5        0x0 c:/program files (x86)/atmel/avr tools/avr toolchain/bin/../lib/gcc/avr/4.6.2/avr6\libgcc.a(_exit.o)
 .bss           0x008002d5        0x0 c:/program files (x86)/atmel/avr tools/avr toolchain/bin/../lib/gcc/avr/4.6.2/avr6\libgcc.a(_copy_data.o)
 .bss           0x008002d5        0x0 c:/program files (x86)/atmel/avr tools/avr toolchain/bin/../lib/gcc/avr/4.6.2/avr6\libgcc.a(_clear_bss.o)
 .bss           0x008002d5        0x0 c:/program files (x86)/atmel/avr tools/avr toolchain/bin/../lib/gcc/avr/4.6.2/avr6\libgcc.a(_udivmodhi4.o)
 .bss           0x008002d5        0x0 c:/program files (x86)/atmel/avr tools/avr toolchain/bin/../lib/gcc/avr/4.6.2/../../../../avr/lib/avr6\libc.a(malloc.o)
 .bss           0x008002d5        0x0 c:/program files (x86)/atmel/avr tools/avr toolchain/bin/../lib/gcc/avr/4.6.2/../../../../avr/lib/avr6\libc.a(atoi.o)
 .bss           0x008002d5        0x2 c:/program files (x86)/atmel/avr tools/avr toolchain/bin/../lib/gcc/avr/4.6.2/../../../../avr/lib/avr6\libc.a(strtok.o)
 .bss           0x008002d7        0x0 c:/program files (x86)/atmel/avr tools/avr toolchain/bin/../lib/gcc/avr/4.6.2/../../../../avr/lib/avr6\libc.a(strcmp.o)
 .bss           0x008002d7        0x0 c:/program files (x86)/atmel/avr tools/avr toolchain/bin/../lib/gcc/avr/4.6.2/../../../../avr/lib/avr6\libc.a(strcpy.o)
 .bss           0x008002d7        0x0 c:/program files (x86)/atmel/avr tools/avr toolchain/bin/../lib/gcc/avr/4.6.2/../../../../avr/lib/avr6\libc.a(strtok_r.o)
 .bss           0x008002d7        0x0 c:/program files (x86)/atmel/avr tools/avr toolchain/bin/../lib/gcc/avr/4.6.2/../../../../avr/lib/avr6\libc.a(mul10.o)
 .bss           0x008002d7        0x0 c:/program files (x86)/atmel/avr tools/avr toolchain/bin/../lib/gcc/avr/4.6.2/../../../../avr/lib/avr6\libc.a(fgets.o)
 .bss           0x008002d7        0x0 c:/program files (x86)/atmel/avr tools/avr toolchain/bin/../lib/gcc/avr/4.6.2/../../../../avr/lib/avr6\libc.a(gets.o)
 .bss           0x008002d7        0x0 c:/program files (x86)/atmel/avr tools/avr toolchain/bin/../lib/gcc/avr/4.6.2/../../../../avr/lib/avr6\libc.a(iob.o)
 .bss           0x008002d7        0x0 c:/program files (x86)/atmel/avr tools/avr toolchain/bin/../lib/gcc/avr/4.6.2/../../../../avr/lib/avr6\libc.a(printf.o)
 .bss           0x008002d7        0x0 c:/program files (x86)/atmel/avr tools/avr toolchain/bin/../lib/gcc/avr/4.6.2/../../../../avr/lib/avr6\libc.a(putchar.o)
 .bss           0x008002d7        0x0 c:/program files (x86)/atmel/avr tools/avr toolchain/bin/../lib/gcc/avr/4.6.2/../../../../avr/lib/avr6\libc.a(puts.o)
 .bss           0x008002d7        0x0 c:/program files (x86)/atmel/avr tools/avr toolchain/bin/../lib/gcc/avr/4.6.2/../../../../avr/lib/avr6\libc.a(sprintf.o)
 .bss           0x008002d7        0x0 c:/program files (x86)/atmel/avr tools/avr toolchain/bin/../lib/gcc/avr/4.6.2/../../../../avr/lib/avr6\libc.a(vfprintf_std.o)
 .bss           0x008002d7        0x0 c:/program files (x86)/atmel/avr tools/avr toolchain/bin/../lib/gcc/avr/4.6.2/../../../../avr/lib/avr6\libc.a(strnlen_P.o)
 .bss           0x008002d7        0x0 c:/program files (x86)/atmel/avr tools/avr toolchain/bin/../lib/gcc/avr/4.6.2/../../../../avr/lib/avr6\libc.a(strnlen.o)
 .bss           0x008002d7        0x0 c:/program files (x86)/atmel/avr tools/avr toolchain/bin/../lib/gcc/avr/4.6.2/../../../../avr/lib/avr6\libc.a(fgetc.o)
 .bss           0x008002d7        0x0 c:/program files (x86)/atmel/avr tools/avr toolchain/bin/../lib/gcc/avr/4.6.2/../../../../avr/lib/avr6\libc.a(fputc.o)
 .bss           0x008002d7        0x0 c:/program files (x86)/atmel/avr tools/avr toolchain/bin/../lib/gcc/avr/4.6.2/../../../../avr/lib/avr6\libc.a(ultoa_invert.o)
 *(.bss*)
 *(COMMON)
 COMMON         0x008002d7        0x2 main.o
                0x008002d7                exe_time
 COMMON         0x008002d9      0x208 queue.o
                0x008002d9                fi
                0x008002db                qo
                0x008003db                fo
                0x008003dd                ro
                0x008003df                ri
                0x008003e1                qi
 COMMON         0x008004e1       0xa4 task.o
                0x008004e1                Task_r
                0x008004e3                Task_q
                0x00800583                Task_f
 COMMON         0x00800585        0x1 uart.o
                0x00800585                uart_busy
 COMMON         0x00800586        0x4 c:/program files (x86)/atmel/avr tools/avr toolchain/bin/../lib/gcc/avr/4.6.2/../../../../avr/lib/avr6\libc.a(malloc.o)
                0x00800586                __brkval
                0x00800588                __flp
 COMMON         0x0080058a        0x6 c:/program files (x86)/atmel/avr tools/avr toolchain/bin/../lib/gcc/avr/4.6.2/../../../../avr/lib/avr6\libc.a(iob.o)
                0x0080058a                __iob
                0x00800590                PROVIDE (__bss_end, .)
                0x000017a2                __data_load_start = LOADADDR (.data)
                0x00001872                __data_load_end = (__data_load_start + SIZEOF (.data))

.noinit         0x00800590        0x0
                0x00800590                PROVIDE (__noinit_start, .)
 *(.noinit*)
                0x00800590                PROVIDE (__noinit_end, .)
                0x00800590                _end = .
                0x00800590                PROVIDE (__heap_start, .)

.eeprom         0x00810000        0x0
 *(.eeprom*)
                0x00810000                __eeprom_end = .

.fuse
 *(.fuse)
 *(.lfuse)
 *(.hfuse)
 *(.efuse)

.lock
 *(.lock*)

.signature
 *(.signature*)

.stab           0x00000000     0x117c
 *(.stab)
 .stab          0x00000000      0x6e4 c:/program files (x86)/atmel/avr tools/avr toolchain/bin/../lib/gcc/avr/4.6.2/../../../../avr/lib/avr6/crtm2560.o
 .stab          0x000006e4      0x174 c:/program files (x86)/atmel/avr tools/avr toolchain/bin/../lib/gcc/avr/4.6.2/../../../../avr/lib/avr6\libc.a(atoi.o)
                                0x180 (size before relaxing)
 .stab          0x00000858       0x84 c:/program files (x86)/atmel/avr tools/avr toolchain/bin/../lib/gcc/avr/4.6.2/../../../../avr/lib/avr6\libc.a(strcmp.o)
                                 0x90 (size before relaxing)
 .stab          0x000008dc       0x6c c:/program files (x86)/atmel/avr tools/avr toolchain/bin/../lib/gcc/avr/4.6.2/../../../../avr/lib/avr6\libc.a(strcpy.o)
                                 0x78 (size before relaxing)
 .stab          0x00000948      0x204 c:/program files (x86)/atmel/avr tools/avr toolchain/bin/../lib/gcc/avr/4.6.2/../../../../avr/lib/avr6\libc.a(strtok_r.o)
                                0x210 (size before relaxing)
 .stab          0x00000b4c       0x78 c:/program files (x86)/atmel/avr tools/avr toolchain/bin/../lib/gcc/avr/4.6.2/../../../../avr/lib/avr6\libc.a(mul10.o)
                                 0x84 (size before relaxing)
 .stab          0x00000bc4       0x9c c:/program files (x86)/atmel/avr tools/avr toolchain/bin/../lib/gcc/avr/4.6.2/../../../../avr/lib/avr6\libc.a(strnlen_P.o)
                                 0xa8 (size before relaxing)
 .stab          0x00000c60       0x9c c:/program files (x86)/atmel/avr tools/avr toolchain/bin/../lib/gcc/avr/4.6.2/../../../../avr/lib/avr6\libc.a(strnlen.o)
                                 0xa8 (size before relaxing)
 .stab          0x00000cfc      0x480 c:/program files (x86)/atmel/avr tools/avr toolchain/bin/../lib/gcc/avr/4.6.2/../../../../avr/lib/avr6\libc.a(ultoa_invert.o)
                                0x48c (size before relaxing)

.stabstr        0x00000000      0x39d
 *(.stabstr)
 .stabstr       0x00000000      0x39d c:/program files (x86)/atmel/avr tools/avr toolchain/bin/../lib/gcc/avr/4.6.2/../../../../avr/lib/avr6/crtm2560.o

.stab.excl
 *(.stab.excl)

.stab.exclstr
 *(.stab.exclstr)

.stab.index
 *(.stab.index)

.stab.indexstr
 *(.stab.indexstr)

.comment
 *(.comment)

.debug
 *(.debug)

.line
 *(.line)

.debug_srcinfo
 *(.debug_srcinfo)

.debug_sfnames
 *(.debug_sfnames)

.debug_aranges  0x00000000      0x2e8
 *(.debug_aranges)
 .debug_aranges
                0x00000000       0x20 app.o
 .debug_aranges
                0x00000020       0x20 led.o
 .debug_aranges
                0x00000040       0x20 main.o
 .debug_aranges
                0x00000060       0x20 queue.o
 .debug_aranges
                0x00000080       0x20 task.o
 .debug_aranges
                0x000000a0       0x20 timer.o
 .debug_aranges
                0x000000c0       0x20 uart.o
 .debug_aranges
                0x000000e0       0x20 c:/program files (x86)/atmel/avr tools/avr toolchain/bin/../lib/gcc/avr/4.6.2/avr6\libgcc.a(_divmodhi4.o)
 .debug_aranges
                0x00000100       0x20 c:/program files (x86)/atmel/avr tools/avr toolchain/bin/../lib/gcc/avr/4.6.2/avr6\libgcc.a(_exit.o)
 .debug_aranges
                0x00000120       0x20 c:/program files (x86)/atmel/avr tools/avr toolchain/bin/../lib/gcc/avr/4.6.2/avr6\libgcc.a(_copy_data.o)
 .debug_aranges
                0x00000140       0x20 c:/program files (x86)/atmel/avr tools/avr toolchain/bin/../lib/gcc/avr/4.6.2/avr6\libgcc.a(_clear_bss.o)
 .debug_aranges
                0x00000160       0x20 c:/program files (x86)/atmel/avr tools/avr toolchain/bin/../lib/gcc/avr/4.6.2/avr6\libgcc.a(_udivmodhi4.o)
 .debug_aranges
                0x00000180       0x28 c:/program files (x86)/atmel/avr tools/avr toolchain/bin/../lib/gcc/avr/4.6.2/../../../../avr/lib/avr6\libc.a(malloc.o)
 .debug_aranges
                0x000001a8       0x20 c:/program files (x86)/atmel/avr tools/avr toolchain/bin/../lib/gcc/avr/4.6.2/../../../../avr/lib/avr6\libc.a(strtok.o)
 .debug_aranges
                0x000001c8       0x20 c:/program files (x86)/atmel/avr tools/avr toolchain/bin/../lib/gcc/avr/4.6.2/../../../../avr/lib/avr6\libc.a(fgets.o)
 .debug_aranges
                0x000001e8       0x20 c:/program files (x86)/atmel/avr tools/avr toolchain/bin/../lib/gcc/avr/4.6.2/../../../../avr/lib/avr6\libc.a(gets.o)
 .debug_aranges
                0x00000208       0x20 c:/program files (x86)/atmel/avr tools/avr toolchain/bin/../lib/gcc/avr/4.6.2/../../../../avr/lib/avr6\libc.a(printf.o)
 .debug_aranges
                0x00000228       0x20 c:/program files (x86)/atmel/avr tools/avr toolchain/bin/../lib/gcc/avr/4.6.2/../../../../avr/lib/avr6\libc.a(putchar.o)
 .debug_aranges
                0x00000248       0x20 c:/program files (x86)/atmel/avr tools/avr toolchain/bin/../lib/gcc/avr/4.6.2/../../../../avr/lib/avr6\libc.a(puts.o)
 .debug_aranges
                0x00000268       0x20 c:/program files (x86)/atmel/avr tools/avr toolchain/bin/../lib/gcc/avr/4.6.2/../../../../avr/lib/avr6\libc.a(sprintf.o)
 .debug_aranges
                0x00000288       0x20 c:/program files (x86)/atmel/avr tools/avr toolchain/bin/../lib/gcc/avr/4.6.2/../../../../avr/lib/avr6\libc.a(vfprintf_std.o)
 .debug_aranges
                0x000002a8       0x20 c:/program files (x86)/atmel/avr tools/avr toolchain/bin/../lib/gcc/avr/4.6.2/../../../../avr/lib/avr6\libc.a(fgetc.o)
 .debug_aranges
                0x000002c8       0x20 c:/program files (x86)/atmel/avr tools/avr toolchain/bin/../lib/gcc/avr/4.6.2/../../../../avr/lib/avr6\libc.a(fputc.o)

.debug_pubnames
 *(.debug_pubnames)

.debug_info     0x00000000     0x299b
 *(.debug_info)
 .debug_info    0x00000000      0x2b1 app.o
 .debug_info    0x000002b1      0x224 led.o
 .debug_info    0x000004d5       0x65 list.o
 .debug_info    0x0000053a      0x107 main.o
 .debug_info    0x00000641      0x1bf queue.o
 .debug_info    0x00000800      0x2a0 task.o
 .debug_info    0x00000aa0      0x271 timer.o
 .debug_info    0x00000d11      0x3d7 uart.o
 .debug_info    0x000010e8       0xdd c:/program files (x86)/atmel/avr tools/avr toolchain/bin/../lib/gcc/avr/4.6.2/avr6\libgcc.a(_divmodhi4.o)
 .debug_info    0x000011c5       0xdd c:/program files (x86)/atmel/avr tools/avr toolchain/bin/../lib/gcc/avr/4.6.2/avr6\libgcc.a(_exit.o)
 .debug_info    0x000012a2       0xdd c:/program files (x86)/atmel/avr tools/avr toolchain/bin/../lib/gcc/avr/4.6.2/avr6\libgcc.a(_copy_data.o)
 .debug_info    0x0000137f       0xdd c:/program files (x86)/atmel/avr tools/avr toolchain/bin/../lib/gcc/avr/4.6.2/avr6\libgcc.a(_clear_bss.o)
 .debug_info    0x0000145c       0xdd c:/program files (x86)/atmel/avr tools/avr toolchain/bin/../lib/gcc/avr/4.6.2/avr6\libgcc.a(_udivmodhi4.o)
 .debug_info    0x00001539      0x296 c:/program files (x86)/atmel/avr tools/avr toolchain/bin/../lib/gcc/avr/4.6.2/../../../../avr/lib/avr6\libc.a(malloc.o)
 .debug_info    0x000017cf       0x8e c:/program files (x86)/atmel/avr tools/avr toolchain/bin/../lib/gcc/avr/4.6.2/../../../../avr/lib/avr6\libc.a(strtok.o)
 .debug_info    0x0000185d      0x193 c:/program files (x86)/atmel/avr tools/avr toolchain/bin/../lib/gcc/avr/4.6.2/../../../../avr/lib/avr6\libc.a(fgets.o)
 .debug_info    0x000019f0      0x1a0 c:/program files (x86)/atmel/avr tools/avr toolchain/bin/../lib/gcc/avr/4.6.2/../../../../avr/lib/avr6\libc.a(gets.o)
 .debug_info    0x00001b90      0x14f c:/program files (x86)/atmel/avr tools/avr toolchain/bin/../lib/gcc/avr/4.6.2/../../../../avr/lib/avr6\libc.a(iob.o)
 .debug_info    0x00001cdf      0x1c6 c:/program files (x86)/atmel/avr tools/avr toolchain/bin/../lib/gcc/avr/4.6.2/../../../../avr/lib/avr6\libc.a(printf.o)
 .debug_info    0x00001ea5      0x183 c:/program files (x86)/atmel/avr tools/avr toolchain/bin/../lib/gcc/avr/4.6.2/../../../../avr/lib/avr6\libc.a(putchar.o)
 .debug_info    0x00002028      0x1ab c:/program files (x86)/atmel/avr tools/avr toolchain/bin/../lib/gcc/avr/4.6.2/../../../../avr/lib/avr6\libc.a(puts.o)
 .debug_info    0x000021d3      0x1b7 c:/program files (x86)/atmel/avr tools/avr toolchain/bin/../lib/gcc/avr/4.6.2/../../../../avr/lib/avr6\libc.a(sprintf.o)
 .debug_info    0x0000238a      0x342 c:/program files (x86)/atmel/avr tools/avr toolchain/bin/../lib/gcc/avr/4.6.2/../../../../avr/lib/avr6\libc.a(vfprintf_std.o)
 .debug_info    0x000026cc      0x168 c:/program files (x86)/atmel/avr tools/avr toolchain/bin/../lib/gcc/avr/4.6.2/../../../../avr/lib/avr6\libc.a(fgetc.o)
 .debug_info    0x00002834      0x167 c:/program files (x86)/atmel/avr tools/avr toolchain/bin/../lib/gcc/avr/4.6.2/../../../../avr/lib/avr6\libc.a(fputc.o)
 *(.gnu.linkonce.wi.*)

.debug_abbrev   0x00000000     0x150e
 *(.debug_abbrev)
 .debug_abbrev  0x00000000      0x16c app.o
 .debug_abbrev  0x0000016c      0x163 led.o
 .debug_abbrev  0x000002cf       0x2a list.o
 .debug_abbrev  0x000002f9       0xc9 main.o
 .debug_abbrev  0x000003c2        0x1 project11.o
 .debug_abbrev  0x000003c3       0xae queue.o
 .debug_abbrev  0x00000471      0x159 task.o
 .debug_abbrev  0x000005ca      0x192 timer.o
 .debug_abbrev  0x0000075c      0x225 uart.o
 .debug_abbrev  0x00000981       0x14 c:/program files (x86)/atmel/avr tools/avr toolchain/bin/../lib/gcc/avr/4.6.2/avr6\libgcc.a(_divmodhi4.o)
 .debug_abbrev  0x00000995       0x14 c:/program files (x86)/atmel/avr tools/avr toolchain/bin/../lib/gcc/avr/4.6.2/avr6\libgcc.a(_exit.o)
 .debug_abbrev  0x000009a9       0x14 c:/program files (x86)/atmel/avr tools/avr toolchain/bin/../lib/gcc/avr/4.6.2/avr6\libgcc.a(_copy_data.o)
 .debug_abbrev  0x000009bd       0x14 c:/program files (x86)/atmel/avr tools/avr toolchain/bin/../lib/gcc/avr/4.6.2/avr6\libgcc.a(_clear_bss.o)
 .debug_abbrev  0x000009d1       0x14 c:/program files (x86)/atmel/avr tools/avr toolchain/bin/../lib/gcc/avr/4.6.2/avr6\libgcc.a(_udivmodhi4.o)
 .debug_abbrev  0x000009e5       0xf5 c:/program files (x86)/atmel/avr tools/avr toolchain/bin/../lib/gcc/avr/4.6.2/../../../../avr/lib/avr6\libc.a(malloc.o)
 .debug_abbrev  0x00000ada       0x75 c:/program files (x86)/atmel/avr tools/avr toolchain/bin/../lib/gcc/avr/4.6.2/../../../../avr/lib/avr6\libc.a(strtok.o)
 .debug_abbrev  0x00000b4f       0xe8 c:/program files (x86)/atmel/avr tools/avr toolchain/bin/../lib/gcc/avr/4.6.2/../../../../avr/lib/avr6\libc.a(fgets.o)
 .debug_abbrev  0x00000c37       0xfa c:/program files (x86)/atmel/avr tools/avr toolchain/bin/../lib/gcc/avr/4.6.2/../../../../avr/lib/avr6\libc.a(gets.o)
 .debug_abbrev  0x00000d31       0xc5 c:/program files (x86)/atmel/avr tools/avr toolchain/bin/../lib/gcc/avr/4.6.2/../../../../avr/lib/avr6\libc.a(iob.o)
 .debug_abbrev  0x00000df6      0x11c c:/program files (x86)/atmel/avr tools/avr toolchain/bin/../lib/gcc/avr/4.6.2/../../../../avr/lib/avr6\libc.a(printf.o)
 .debug_abbrev  0x00000f12       0xeb c:/program files (x86)/atmel/avr tools/avr toolchain/bin/../lib/gcc/avr/4.6.2/../../../../avr/lib/avr6\libc.a(putchar.o)
 .debug_abbrev  0x00000ffd      0x101 c:/program files (x86)/atmel/avr tools/avr toolchain/bin/../lib/gcc/avr/4.6.2/../../../../avr/lib/avr6\libc.a(puts.o)
 .debug_abbrev  0x000010fe       0xfd c:/program files (x86)/atmel/avr tools/avr toolchain/bin/../lib/gcc/avr/4.6.2/../../../../avr/lib/avr6\libc.a(sprintf.o)
 .debug_abbrev  0x000011fb      0x161 c:/program files (x86)/atmel/avr tools/avr toolchain/bin/../lib/gcc/avr/4.6.2/../../../../avr/lib/avr6\libc.a(vfprintf_std.o)
 .debug_abbrev  0x0000135c       0xd9 c:/program files (x86)/atmel/avr tools/avr toolchain/bin/../lib/gcc/avr/4.6.2/../../../../avr/lib/avr6\libc.a(fgetc.o)
 .debug_abbrev  0x00001435       0xd9 c:/program files (x86)/atmel/avr tools/avr toolchain/bin/../lib/gcc/avr/4.6.2/../../../../avr/lib/avr6\libc.a(fputc.o)

.debug_line     0x00000000     0x16cf
 *(.debug_line)
 .debug_line    0x00000000       0xf9 app.o
 .debug_line    0x000000f9       0xed led.o
 .debug_line    0x000001e6       0x1a list.o
 .debug_line    0x00000200       0x5a main.o
 .debug_line    0x0000025a        0x0 project11.o
 .debug_line    0x0000025a       0x53 queue.o
 .debug_line    0x000002ad       0xa1 task.o
 .debug_line    0x0000034e      0x132 timer.o
 .debug_line    0x00000480      0x1b2 uart.o
 .debug_line    0x00000632       0x99 c:/program files (x86)/atmel/avr tools/avr toolchain/bin/../lib/gcc/avr/4.6.2/avr6\libgcc.a(_divmodhi4.o)
 .debug_line    0x000006cb       0x88 c:/program files (x86)/atmel/avr tools/avr toolchain/bin/../lib/gcc/avr/4.6.2/avr6\libgcc.a(_exit.o)
 .debug_line    0x00000753       0x96 c:/program files (x86)/atmel/avr tools/avr toolchain/bin/../lib/gcc/avr/4.6.2/avr6\libgcc.a(_copy_data.o)
 .debug_line    0x000007e9       0x8e c:/program files (x86)/atmel/avr tools/avr toolchain/bin/../lib/gcc/avr/4.6.2/avr6\libgcc.a(_clear_bss.o)
 .debug_line    0x00000877       0x9a c:/program files (x86)/atmel/avr tools/avr toolchain/bin/../lib/gcc/avr/4.6.2/avr6\libgcc.a(_udivmodhi4.o)
 .debug_line    0x00000911      0x1d3 c:/program files (x86)/atmel/avr tools/avr toolchain/bin/../lib/gcc/avr/4.6.2/../../../../avr/lib/avr6\libc.a(malloc.o)
 .debug_line    0x00000ae4       0x80 c:/program files (x86)/atmel/avr tools/avr toolchain/bin/../lib/gcc/avr/4.6.2/../../../../avr/lib/avr6\libc.a(strtok.o)
 .debug_line    0x00000b64       0xef c:/program files (x86)/atmel/avr tools/avr toolchain/bin/../lib/gcc/avr/4.6.2/../../../../avr/lib/avr6\libc.a(fgets.o)
 .debug_line    0x00000c53       0xdf c:/program files (x86)/atmel/avr tools/avr toolchain/bin/../lib/gcc/avr/4.6.2/../../../../avr/lib/avr6\libc.a(gets.o)
 .debug_line    0x00000d32       0xc7 c:/program files (x86)/atmel/avr tools/avr toolchain/bin/../lib/gcc/avr/4.6.2/../../../../avr/lib/avr6\libc.a(iob.o)
 .debug_line    0x00000df9      0x151 c:/program files (x86)/atmel/avr tools/avr toolchain/bin/../lib/gcc/avr/4.6.2/../../../../avr/lib/avr6\libc.a(printf.o)
 .debug_line    0x00000f4a       0xdc c:/program files (x86)/atmel/avr tools/avr toolchain/bin/../lib/gcc/avr/4.6.2/../../../../avr/lib/avr6\libc.a(putchar.o)
 .debug_line    0x00001026       0xec c:/program files (x86)/atmel/avr tools/avr toolchain/bin/../lib/gcc/avr/4.6.2/../../../../avr/lib/avr6\libc.a(puts.o)
 .debug_line    0x00001112      0x157 c:/program files (x86)/atmel/avr tools/avr toolchain/bin/../lib/gcc/avr/4.6.2/../../../../avr/lib/avr6\libc.a(sprintf.o)
 .debug_line    0x00001269      0x291 c:/program files (x86)/atmel/avr tools/avr toolchain/bin/../lib/gcc/avr/4.6.2/../../../../avr/lib/avr6\libc.a(vfprintf_std.o)
 .debug_line    0x000014fa       0xf4 c:/program files (x86)/atmel/avr tools/avr toolchain/bin/../lib/gcc/avr/4.6.2/../../../../avr/lib/avr6\libc.a(fgetc.o)
 .debug_line    0x000015ee       0xe1 c:/program files (x86)/atmel/avr tools/avr toolchain/bin/../lib/gcc/avr/4.6.2/../../../../avr/lib/avr6\libc.a(fputc.o)

.debug_frame    0x00000000      0x7f0
 *(.debug_frame)
 .debug_frame   0x00000000       0xcc app.o
 .debug_frame   0x000000cc       0xa4 led.o
 .debug_frame   0x00000170       0x38 main.o
 .debug_frame   0x000001a8       0x64 queue.o
 .debug_frame   0x0000020c       0xe4 task.o
 .debug_frame   0x000002f0      0x124 timer.o
 .debug_frame   0x00000414      0x128 uart.o
 .debug_frame   0x0000053c       0x54 c:/program files (x86)/atmel/avr tools/avr toolchain/bin/../lib/gcc/avr/4.6.2/../../../../avr/lib/avr6\libc.a(malloc.o)
 .debug_frame   0x00000590       0x24 c:/program files (x86)/atmel/avr tools/avr toolchain/bin/../lib/gcc/avr/4.6.2/../../../../avr/lib/avr6\libc.a(strtok.o)
 .debug_frame   0x000005b4       0x4c c:/program files (x86)/atmel/avr tools/avr toolchain/bin/../lib/gcc/avr/4.6.2/../../../../avr/lib/avr6\libc.a(fgets.o)
 .debug_frame   0x00000600       0x38 c:/program files (x86)/atmel/avr tools/avr toolchain/bin/../lib/gcc/avr/4.6.2/../../../../avr/lib/avr6\libc.a(gets.o)
 .debug_frame   0x00000638       0x34 c:/program files (x86)/atmel/avr tools/avr toolchain/bin/../lib/gcc/avr/4.6.2/../../../../avr/lib/avr6\libc.a(printf.o)
 .debug_frame   0x0000066c       0x24 c:/program files (x86)/atmel/avr tools/avr toolchain/bin/../lib/gcc/avr/4.6.2/../../../../avr/lib/avr6\libc.a(putchar.o)
 .debug_frame   0x00000690       0x38 c:/program files (x86)/atmel/avr tools/avr toolchain/bin/../lib/gcc/avr/4.6.2/../../../../avr/lib/avr6\libc.a(puts.o)
 .debug_frame   0x000006c8       0x3c c:/program files (x86)/atmel/avr tools/avr toolchain/bin/../lib/gcc/avr/4.6.2/../../../../avr/lib/avr6\libc.a(sprintf.o)
 .debug_frame   0x00000704       0x84 c:/program files (x86)/atmel/avr tools/avr toolchain/bin/../lib/gcc/avr/4.6.2/../../../../avr/lib/avr6\libc.a(vfprintf_std.o)
 .debug_frame   0x00000788       0x30 c:/program files (x86)/atmel/avr tools/avr toolchain/bin/../lib/gcc/avr/4.6.2/../../../../avr/lib/avr6\libc.a(fgetc.o)
 .debug_frame   0x000007b8       0x38 c:/program files (x86)/atmel/avr tools/avr toolchain/bin/../lib/gcc/avr/4.6.2/../../../../avr/lib/avr6\libc.a(fputc.o)

.debug_str      0x00000000      0x84c
 *(.debug_str)
 .debug_str     0x00000000      0x10b app.o
                                0x144 (size before relaxing)
 .debug_str     0x0000010b       0x6b led.o
                                0x14d (size before relaxing)
 .debug_str     0x00000176        0xa list.o
                                 0xdf (size before relaxing)
 .debug_str     0x00000180        0xf main.o
                                 0xf2 (size before relaxing)
 .debug_str     0x0000018f       0x3a queue.o
                                0x10f (size before relaxing)
 .debug_str     0x000001c9       0x5a task.o
                                0x143 (size before relaxing)
 .debug_str     0x00000223       0x6d timer.o
                                0x15f (size before relaxing)
 .debug_str     0x00000290       0xcc uart.o
                                0x1d2 (size before relaxing)
 .debug_str     0x0000035c       0xf2 c:/program files (x86)/atmel/avr tools/avr toolchain/bin/../lib/gcc/avr/4.6.2/../../../../avr/lib/avr6\libc.a(malloc.o)
                                0x16a (size before relaxing)
 .debug_str     0x0000044e       0x5f c:/program files (x86)/atmel/avr tools/avr toolchain/bin/../lib/gcc/avr/4.6.2/../../../../avr/lib/avr6\libc.a(strtok.o)
                                 0x7d (size before relaxing)
 .debug_str     0x000004ad       0x56 c:/program files (x86)/atmel/avr tools/avr toolchain/bin/../lib/gcc/avr/4.6.2/../../../../avr/lib/avr6\libc.a(fgets.o)
                                 0xfb (size before relaxing)
 .debug_str     0x00000503       0x4f c:/program files (x86)/atmel/avr tools/avr toolchain/bin/../lib/gcc/avr/4.6.2/../../../../avr/lib/avr6\libc.a(gets.o)
                                 0xf8 (size before relaxing)
 .debug_str     0x00000552       0x4e c:/program files (x86)/atmel/avr tools/avr toolchain/bin/../lib/gcc/avr/4.6.2/../../../../avr/lib/avr6\libc.a(iob.o)
                                 0xf2 (size before relaxing)
 .debug_str     0x000005a0       0x72 c:/program files (x86)/atmel/avr tools/avr toolchain/bin/../lib/gcc/avr/4.6.2/../../../../avr/lib/avr6\libc.a(printf.o)
                                0x125 (size before relaxing)
 .debug_str     0x00000612       0x52 c:/program files (x86)/atmel/avr tools/avr toolchain/bin/../lib/gcc/avr/4.6.2/../../../../avr/lib/avr6\libc.a(putchar.o)
                                 0xfe (size before relaxing)
 .debug_str     0x00000664       0x54 c:/program files (x86)/atmel/avr tools/avr toolchain/bin/../lib/gcc/avr/4.6.2/../../../../avr/lib/avr6\libc.a(puts.o)
                                 0xf8 (size before relaxing)
 .debug_str     0x000006b8       0x52 c:/program files (x86)/atmel/avr tools/avr toolchain/bin/../lib/gcc/avr/4.6.2/../../../../avr/lib/avr6\libc.a(sprintf.o)
                                0x121 (size before relaxing)
 .debug_str     0x0000070a       0x96 c:/program files (x86)/atmel/avr tools/avr toolchain/bin/../lib/gcc/avr/4.6.2/../../../../avr/lib/avr6\libc.a(vfprintf_std.o)
                                0x16b (size before relaxing)
 .debug_str     0x000007a0       0x56 c:/program files (x86)/atmel/avr tools/avr toolchain/bin/../lib/gcc/avr/4.6.2/../../../../avr/lib/avr6\libc.a(fgetc.o)
                                 0xfb (size before relaxing)
 .debug_str     0x000007f6       0x56 c:/program files (x86)/atmel/avr tools/avr toolchain/bin/../lib/gcc/avr/4.6.2/../../../../avr/lib/avr6\libc.a(fputc.o)
                                 0xfb (size before relaxing)

.debug_loc      0x00000000     0x1c40
 *(.debug_loc)
 .debug_loc     0x00000000      0x290 app.o
 .debug_loc     0x00000290      0x108 led.o
 .debug_loc     0x00000398       0x53 main.o
 .debug_loc     0x000003eb       0x3c queue.o
 .debug_loc     0x00000427      0x358 task.o
 .debug_loc     0x0000077f      0x314 timer.o
 .debug_loc     0x00000a93      0x2c7 uart.o
 .debug_loc     0x00000d5a      0x421 c:/program files (x86)/atmel/avr tools/avr toolchain/bin/../lib/gcc/avr/4.6.2/../../../../avr/lib/avr6\libc.a(malloc.o)
 .debug_loc     0x0000117b       0x30 c:/program files (x86)/atmel/avr tools/avr toolchain/bin/../lib/gcc/avr/4.6.2/../../../../avr/lib/avr6\libc.a(strtok.o)
 .debug_loc     0x000011ab      0x13e c:/program files (x86)/atmel/avr tools/avr toolchain/bin/../lib/gcc/avr/4.6.2/../../../../avr/lib/avr6\libc.a(fgets.o)
 .debug_loc     0x000012e9       0xbe c:/program files (x86)/atmel/avr tools/avr toolchain/bin/../lib/gcc/avr/4.6.2/../../../../avr/lib/avr6\libc.a(gets.o)
 .debug_loc     0x000013a7       0x3b c:/program files (x86)/atmel/avr tools/avr toolchain/bin/../lib/gcc/avr/4.6.2/../../../../avr/lib/avr6\libc.a(printf.o)
 .debug_loc     0x000013e2       0x18 c:/program files (x86)/atmel/avr tools/avr toolchain/bin/../lib/gcc/avr/4.6.2/../../../../avr/lib/avr6\libc.a(putchar.o)
 .debug_loc     0x000013fa       0xe0 c:/program files (x86)/atmel/avr tools/avr toolchain/bin/../lib/gcc/avr/4.6.2/../../../../avr/lib/avr6\libc.a(puts.o)
 .debug_loc     0x000014da       0x55 c:/program files (x86)/atmel/avr tools/avr toolchain/bin/../lib/gcc/avr/4.6.2/../../../../avr/lib/avr6\libc.a(sprintf.o)
 .debug_loc     0x0000152f      0x5e9 c:/program files (x86)/atmel/avr tools/avr toolchain/bin/../lib/gcc/avr/4.6.2/../../../../avr/lib/avr6\libc.a(vfprintf_std.o)
 .debug_loc     0x00001b18       0x8f c:/program files (x86)/atmel/avr tools/avr toolchain/bin/../lib/gcc/avr/4.6.2/../../../../avr/lib/avr6\libc.a(fgetc.o)
 .debug_loc     0x00001ba7       0x99 c:/program files (x86)/atmel/avr tools/avr toolchain/bin/../lib/gcc/avr/4.6.2/../../../../avr/lib/avr6\libc.a(fputc.o)

.debug_macinfo
 *(.debug_macinfo)
OUTPUT(project11.elf elf32-avr)
LOAD linker stubs

.debug_ranges   0x00000000       0xc8
 .debug_ranges  0x00000000       0x10 main.o
 .debug_ranges  0x00000010       0x18 c:/program files (x86)/atmel/avr tools/avr toolchain/bin/../lib/gcc/avr/4.6.2/../../../../avr/lib/avr6\libc.a(malloc.o)
 .debug_ranges  0x00000028       0x10 c:/program files (x86)/atmel/avr tools/avr toolchain/bin/../lib/gcc/avr/4.6.2/../../../../avr/lib/avr6\libc.a(strtok.o)
 .debug_ranges  0x00000038       0x10 c:/program files (x86)/atmel/avr tools/avr toolchain/bin/../lib/gcc/avr/4.6.2/../../../../avr/lib/avr6\libc.a(fgets.o)
 .debug_ranges  0x00000048       0x10 c:/program files (x86)/atmel/avr tools/avr toolchain/bin/../lib/gcc/avr/4.6.2/../../../../avr/lib/avr6\libc.a(gets.o)
 .debug_ranges  0x00000058       0x10 c:/program files (x86)/atmel/avr tools/avr toolchain/bin/../lib/gcc/avr/4.6.2/../../../../avr/lib/avr6\libc.a(printf.o)
 .debug_ranges  0x00000068       0x10 c:/program files (x86)/atmel/avr tools/avr toolchain/bin/../lib/gcc/avr/4.6.2/../../../../avr/lib/avr6\libc.a(putchar.o)
 .debug_ranges  0x00000078       0x10 c:/program files (x86)/atmel/avr tools/avr toolchain/bin/../lib/gcc/avr/4.6.2/../../../../avr/lib/avr6\libc.a(puts.o)
 .debug_ranges  0x00000088       0x10 c:/program files (x86)/atmel/avr tools/avr toolchain/bin/../lib/gcc/avr/4.6.2/../../../../avr/lib/avr6\libc.a(sprintf.o)
 .debug_ranges  0x00000098       0x10 c:/program files (x86)/atmel/avr tools/avr toolchain/bin/../lib/gcc/avr/4.6.2/../../../../avr/lib/avr6\libc.a(vfprintf_std.o)
 .debug_ranges  0x000000a8       0x10 c:/program files (x86)/atmel/avr tools/avr toolchain/bin/../lib/gcc/avr/4.6.2/../../../../avr/lib/avr6\libc.a(fgetc.o)
 .debug_ranges  0x000000b8       0x10 c:/program files (x86)/atmel/avr tools/avr toolchain/bin/../lib/gcc/avr/4.6.2/../../../../avr/lib/avr6\libc.a(fputc.o)
